###############################################################################
#
# IAR ELF Linker V8.10.1.12857/W32 for ARM                31/Mar/2017  11:56:07
# Copyright 2007-2017 IAR Systems AB.
#
#    Output file  =  
#        G:\机智云工作记录\GoKit2\Gokit_WS2812B_Test\EWARM\Gokit_WS2812B_Test\Exe\Gokit_WS2812B_Test.out
#    Map file     =  
#        G:\机智云工作记录\GoKit2\Gokit_WS2812B_Test\EWARM\Gokit_WS2812B_Test\List\Gokit_WS2812B_Test.map
#    Command line =  
#        -f C:\Users\DengQ\AppData\Local\Temp\EWCFAE.tmp
#        (G:\机智云工作记录\GoKit2\Gokit_WS2812B_Test\EWARM\Gokit_WS2812B_Test\Obj\Adafruit_NeoPixel.o
#        G:\机智云工作记录\GoKit2\Gokit_WS2812B_Test\EWARM\Gokit_WS2812B_Test\Obj\dma.o
#        G:\机智云工作记录\GoKit2\Gokit_WS2812B_Test\EWARM\Gokit_WS2812B_Test\Obj\gpio.o
#        G:\机智云工作记录\GoKit2\Gokit_WS2812B_Test\EWARM\Gokit_WS2812B_Test\Obj\main.o
#        G:\机智云工作记录\GoKit2\Gokit_WS2812B_Test\EWARM\Gokit_WS2812B_Test\Obj\spi.o
#        G:\机智云工作记录\GoKit2\Gokit_WS2812B_Test\EWARM\Gokit_WS2812B_Test\Obj\startup_stm32f103xb.o
#        G:\机智云工作记录\GoKit2\Gokit_WS2812B_Test\EWARM\Gokit_WS2812B_Test\Obj\stm32f1xx_hal.o
#        G:\机智云工作记录\GoKit2\Gokit_WS2812B_Test\EWARM\Gokit_WS2812B_Test\Obj\stm32f1xx_hal_cortex.o
#        G:\机智云工作记录\GoKit2\Gokit_WS2812B_Test\EWARM\Gokit_WS2812B_Test\Obj\stm32f1xx_hal_dma.o
#        G:\机智云工作记录\GoKit2\Gokit_WS2812B_Test\EWARM\Gokit_WS2812B_Test\Obj\stm32f1xx_hal_flash.o
#        G:\机智云工作记录\GoKit2\Gokit_WS2812B_Test\EWARM\Gokit_WS2812B_Test\Obj\stm32f1xx_hal_flash_ex.o
#        G:\机智云工作记录\GoKit2\Gokit_WS2812B_Test\EWARM\Gokit_WS2812B_Test\Obj\stm32f1xx_hal_gpio.o
#        G:\机智云工作记录\GoKit2\Gokit_WS2812B_Test\EWARM\Gokit_WS2812B_Test\Obj\stm32f1xx_hal_gpio_ex.o
#        G:\机智云工作记录\GoKit2\Gokit_WS2812B_Test\EWARM\Gokit_WS2812B_Test\Obj\stm32f1xx_hal_msp.o
#        G:\机智云工作记录\GoKit2\Gokit_WS2812B_Test\EWARM\Gokit_WS2812B_Test\Obj\stm32f1xx_hal_pwr.o
#        G:\机智云工作记录\GoKit2\Gokit_WS2812B_Test\EWARM\Gokit_WS2812B_Test\Obj\stm32f1xx_hal_rcc.o
#        G:\机智云工作记录\GoKit2\Gokit_WS2812B_Test\EWARM\Gokit_WS2812B_Test\Obj\stm32f1xx_hal_rcc_ex.o
#        G:\机智云工作记录\GoKit2\Gokit_WS2812B_Test\EWARM\Gokit_WS2812B_Test\Obj\stm32f1xx_hal_spi.o
#        G:\机智云工作记录\GoKit2\Gokit_WS2812B_Test\EWARM\Gokit_WS2812B_Test\Obj\stm32f1xx_hal_spi_ex.o
#        G:\机智云工作记录\GoKit2\Gokit_WS2812B_Test\EWARM\Gokit_WS2812B_Test\Obj\stm32f1xx_hal_tim.o
#        G:\机智云工作记录\GoKit2\Gokit_WS2812B_Test\EWARM\Gokit_WS2812B_Test\Obj\stm32f1xx_hal_tim_ex.o
#        G:\机智云工作记录\GoKit2\Gokit_WS2812B_Test\EWARM\Gokit_WS2812B_Test\Obj\stm32f1xx_it.o
#        G:\机智云工作记录\GoKit2\Gokit_WS2812B_Test\EWARM\Gokit_WS2812B_Test\Obj\system_stm32f1xx.o
#        --redirect _Printf=_PrintfFull --redirect _Scanf=_ScanfFull -o
#        G:\机智云工作记录\GoKit2\Gokit_WS2812B_Test\EWARM\Gokit_WS2812B_Test\Exe\Gokit_WS2812B_Test.out
#        --map
#        G:\机智云工作记录\GoKit2\Gokit_WS2812B_Test\EWARM\Gokit_WS2812B_Test\List\Gokit_WS2812B_Test.map
#        --config
#        G:\机智云工作记录\GoKit2\Gokit_WS2812B_Test\EWARM/stm32f103xb_flash.icf
#        --semihosting --entry __iar_program_start --vfe --text_out locale)
#
###############################################################################

*******************************************************************************
*** RUNTIME MODEL ATTRIBUTES
***

CppFlavor       = *
__SystemLibrary = DLib
__dlib_version  = 6


*******************************************************************************
*** HEAP SELECTION
***

The basic heap was selected because no calls to memory allocation
functions were found in the application outside of system library
functions, and there are calls to deallocation functions in the
application.


*******************************************************************************
*** PLACEMENT SUMMARY
***

"A0":  place at 0x08000000 { ro section .intvec };
"P1":  place in [from 0x08000000 to 0x0801ffff] { ro };
"P2":  place in [from 0x20000000 to 0x20004fff] { rw, block CSTACK, block HEAP };
initialize by copy { rw };

  Section            Kind        Address    Size  Object
  -------            ----        -------    ----  ------
"A0":                                       0xec
  .intvec            ro code  0x08000000    0xec  startup_stm32f103xb.o [1]
                            - 0x080000ec    0xec

"P1":                                     0x167c
  .text              ro code  0x080000ec   0x4ae  stm32f1xx_hal_rcc.o [1]
  .text              ro code  0x0800059c     0xc  stm32f1xx_hal.o [1]
  .text              ro code  0x080005a8    0x18  stm32f1xx_hal.o [1]
  .text              ro code  0x080005c0    0x24  stm32f1xx_hal.o [1]
  .text              ro code  0x080005e4    0xe2  stm32f1xx_hal_cortex.o [1]
  .text              ro code  0x080006c8   0x350  stm32f1xx_hal_dma.o [1]
  .text              ro code  0x08000a18   0x320  Adafruit_NeoPixel.o [1]
  .text              ro code  0x08000d38   0x232  stm32f1xx_hal_spi.o [1]
  .text              ro code  0x08000f6c     0x6  ABImemclr4.o [4]
  .text              ro code  0x08000f72     0x2  stm32f1xx_hal_spi.o [1]
  .text              ro code  0x08000f74     0x2  stm32f1xx_hal_spi.o [1]
  .text              ro code  0x08000f76     0x2  stm32f1xx_hal_spi.o [1]
  .text              ro code  0x08000f78    0x32  ABImemset48.o [4]
  .text              ro code  0x08000fac   0x1b4  stm32f1xx_hal_gpio.o [1]
  .text              ro code  0x08001160   0x15c  main.o [1]
  .text              ro code  0x080012bc    0x24  stm32f1xx_hal.o [1]
  .text              ro code  0x080012e0    0x30  gpio.o [1]
  .text              ro code  0x08001310    0x30  dma.o [1]
  .text              ro code  0x08001340    0xc0  spi.o [1]
  .text              ro code  0x08001400    0x88  stm32f1xx_hal_msp.o [1]
  .text              ro code  0x08001488    0x88  stm32f1xx_hal_spi_ex.o [1]
  .text              ro code  0x08001510    0x5c  system_stm32f1xx.o [1]
  .text              ro code  0x0800156c    0x40  zero_init3.o [4]
  .text              ro code  0x080015ac    0x2c  copy_init3.o [4]
  .text              ro code  0x080015d8    0x28  stm32f1xx_it.o [1]
  .text              ro code  0x08001600    0x10  stm32f1xx_hal.o [1]
  .text              ro code  0x08001610    0x28  data_init.o [4]
  .iar.init_table    const    0x08001638    0x24  - Linker created -
  .text              ro code  0x0800165c    0x1a  cmain.o [4]
  .text              ro code  0x08001676     0x4  low_level_init.o [3]
  .text              ro code  0x0800167a     0x4  exit.o [3]
  .text              ro code  0x08001680     0xa  cexit.o [4]
  .text              ro code  0x0800168c    0x14  exit.o [5]
  .text              ro code  0x080016a0    0x10  startup_stm32f103xb.o [1]
  .text              ro code  0x080016b0     0xc  cstartup_M.o [4]
  .text              ro code  0x080016bc     0x4  startup_stm32f103xb.o [1]
  .text              ro code  0x080016c0     0x4  startup_stm32f103xb.o [1]
  .text              ro code  0x080016c4     0x4  startup_stm32f103xb.o [1]
  .text              ro code  0x080016c8     0x4  startup_stm32f103xb.o [1]
  .text              ro code  0x080016cc     0x4  startup_stm32f103xb.o [1]
  .text              ro code  0x080016d0     0x4  startup_stm32f103xb.o [1]
  .text              ro code  0x080016d4     0x4  startup_stm32f103xb.o [1]
  .text              ro code  0x080016d8     0x4  startup_stm32f103xb.o [1]
  .text              ro code  0x080016dc     0x4  startup_stm32f103xb.o [1]
  .text              ro code  0x080016e0     0x4  startup_stm32f103xb.o [1]
  .text              ro code  0x080016e4     0x4  startup_stm32f103xb.o [1]
  .text              ro code  0x080016e8     0x4  startup_stm32f103xb.o [1]
  .text              ro code  0x080016ec     0x4  startup_stm32f103xb.o [1]
  .text              ro code  0x080016f0     0x4  startup_stm32f103xb.o [1]
  .text              ro code  0x080016f4     0x4  startup_stm32f103xb.o [1]
  .text              ro code  0x080016f8     0x4  startup_stm32f103xb.o [1]
  .text              ro code  0x080016fc     0x4  startup_stm32f103xb.o [1]
  .text              ro code  0x08001700     0x4  startup_stm32f103xb.o [1]
  .text              ro code  0x08001704     0x4  startup_stm32f103xb.o [1]
  .text              ro code  0x08001708     0x4  startup_stm32f103xb.o [1]
  .text              ro code  0x0800170c     0x4  startup_stm32f103xb.o [1]
  .text              ro code  0x08001710     0x4  startup_stm32f103xb.o [1]
  .text              ro code  0x08001714     0x4  startup_stm32f103xb.o [1]
  .text              ro code  0x08001718     0x4  startup_stm32f103xb.o [1]
  .text              ro code  0x0800171c     0x4  startup_stm32f103xb.o [1]
  .text              ro code  0x08001720     0x4  startup_stm32f103xb.o [1]
  .text              ro code  0x08001724     0x4  startup_stm32f103xb.o [1]
  .text              ro code  0x08001728     0x4  startup_stm32f103xb.o [1]
  .text              ro code  0x0800172c     0x4  startup_stm32f103xb.o [1]
  .text              ro code  0x08001730     0x4  startup_stm32f103xb.o [1]
  .text              ro code  0x08001734     0x4  startup_stm32f103xb.o [1]
  .text              ro code  0x08001738     0x4  startup_stm32f103xb.o [1]
  .text              ro code  0x0800173c     0x4  startup_stm32f103xb.o [1]
  .text              ro code  0x08001740     0x4  startup_stm32f103xb.o [1]
  .text              ro code  0x08001744     0x4  startup_stm32f103xb.o [1]
  .text              ro code  0x08001748     0x4  startup_stm32f103xb.o [1]
  .text              ro code  0x0800174c     0x4  startup_stm32f103xb.o [1]
  .text              ro code  0x08001750     0x4  startup_stm32f103xb.o [1]
  .text              ro code  0x08001754     0x4  startup_stm32f103xb.o [1]
  .text              ro code  0x08001758     0x4  startup_stm32f103xb.o [1]
  .text              ro code  0x0800175c     0x4  startup_stm32f103xb.o [1]
  .text              ro code  0x08001760     0x4  startup_stm32f103xb.o [1]
  Initializer bytes  const    0x08001764     0x4  <for P2-1>
  .rodata            const    0x08001768     0x0  zero_init3.o [4]
  .rodata            const    0x08001768     0x0  copy_init3.o [4]
                            - 0x08001768  0x167c

"P2", part 1 of 3:                           0x4
  P2-1                        0x20000000     0x4  <Init block>
    .data            inited   0x20000000     0x4  system_stm32f1xx.o [1]
                            - 0x20000004     0x4

"P2", part 2 of 3:                         0x800
  CSTACK                      0x20000008   0x800  <Block>
    CSTACK           uninit   0x20000008   0x800  <Block tail>
                            - 0x20000808   0x800

"P2", part 3 of 3:                          0xb0
  .bss               zero     0x20000808    0x58  spi.o [1]
  .bss               zero     0x20000860    0x38  spi.o [1]
  .bss               zero     0x20000898    0x18  Adafruit_NeoPixel.o [1]
  .bss               zero     0x200008b0     0x4  stm32f1xx_hal.o [1]
  .bss               zero     0x200008b4     0x1  stm32f1xx_hal_spi_ex.o [1]
                            - 0x200008b5    0xad


*******************************************************************************
*** INIT TABLE
***

          Address     Size
          -------     ----
Zero (__iar_zero_init3)
    1 destination range, total size 0xad:
          0x20000808  0xad

Copy (__iar_copy_init3)
    1 source range, total size 0x4:
          0x08001764   0x4
    1 destination range, total size 0x4:
          0x20000000   0x4



*******************************************************************************
*** MODULE SUMMARY
***

    Module                  ro code  ro data  rw data
    ------                  -------  -------  -------
G:\机智云工作记录\GoKit2\Gokit_WS2812B_Test\EWARM\Gokit_WS2812B_Test\Obj: [1]
    Adafruit_NeoPixel.o         800                24
    dma.o                        48
    gpio.o                       48
    main.o                      348
    spi.o                       192               144
    startup_stm32f103xb.o       420
    stm32f1xx_hal.o             124                 4
    stm32f1xx_hal_cortex.o      226
    stm32f1xx_hal_dma.o         848
    stm32f1xx_hal_gpio.o        436
    stm32f1xx_hal_msp.o         136
    stm32f1xx_hal_rcc.o       1 198
    stm32f1xx_hal_spi.o         568
    stm32f1xx_hal_spi_ex.o      136                 1
    stm32f1xx_it.o               40
    system_stm32f1xx.o           92        4        4
    -------------------------------------------------
    Total:                    5 660        4      177

command line: [2]
    -------------------------------------------------
    Total:

dl7M_tlf.a: [3]
    exit.o                        4
    low_level_init.o              4
    -------------------------------------------------
    Total:                        8

rt7M_tl.a: [4]
    ABImemclr4.o                  6
    ABImemset48.o                50
    cexit.o                      10
    cmain.o                      26
    copy_init3.o                 44
    cstartup_M.o                 12
    data_init.o                  40
    zero_init3.o                 64
    -------------------------------------------------
    Total:                      252

shb_l.a: [5]
    exit.o                       20
    -------------------------------------------------
    Total:                       20

    Gaps                         12
    Linker created                        36    2 048
-----------------------------------------------------
    Grand Total:              5 952       40    2 225


*******************************************************************************
*** ENTRY LIST
***

Entry                      Address   Size  Type      Object
-----                      -------   ----  ----      ------
.iar.init_table$$Base   0x08001638          --   Gb  - Linker created -
.iar.init_table$$Limit  0x0800165c          --   Gb  - Linker created -
?main                   0x0800165d         Code  Gb  cmain.o [4]
AHBPrescTable           0x0800155c   0x10  Data  Gb  system_stm32f1xx.o [1]
BusFault_Handler        0x080015df    0x2  Code  Gb  stm32f1xx_it.o [1]
CSTACK$$Base            0x20000008          --   Gb  - Linker created -
CSTACK$$Limit           0x20000808          --   Gb  - Linker created -
Color                   0x08000b0b    0xc  Code  Gb  Adafruit_NeoPixel.o [1]
DMA1_Channel3_IRQHandler
                        0x080015f7    0x6  Code  Gb  stm32f1xx_it.o [1]
DMA_SetConfig           0x08000a01   0x18  Code  Lc  stm32f1xx_hal_dma.o [1]
DebugMon_Handler        0x080015e5    0x2  Code  Gb  stm32f1xx_it.o [1]
Error_Handler           0x080012bb    0x2  Code  Gb  main.o [1]
HAL_DMA_IRQHandler      0x08000769  0x27a  Code  Gb  stm32f1xx_hal_dma.o [1]
HAL_DMA_Init            0x080006c9   0x4c  Code  Gb  stm32f1xx_hal_dma.o [1]
HAL_DMA_Start_IT        0x08000715   0x3a  Code  Gb  stm32f1xx_hal_dma.o [1]
HAL_Delay               0x080005a9   0x18  Code  Wk  stm32f1xx_hal.o [1]
HAL_GPIO_Init           0x08000fad  0x17e  Code  Gb  stm32f1xx_hal_gpio.o [1]
HAL_GetTick             0x0800059d    0xc  Code  Wk  stm32f1xx_hal.o [1]
HAL_IncTick             0x08001601   0x10  Code  Wk  stm32f1xx_hal.o [1]
HAL_Init                0x080012bd   0x20  Code  Gb  stm32f1xx_hal.o [1]
HAL_InitTick            0x080005c1   0x24  Code  Wk  stm32f1xx_hal.o [1]
HAL_MspInit             0x08001401   0x88  Code  Gb  stm32f1xx_hal_msp.o [1]
HAL_NVIC_EnableIRQ      0x08000653    0xa  Code  Gb  stm32f1xx_hal_cortex.o [1]
HAL_NVIC_SetPriority    0x08000619   0x3a  Code  Gb  stm32f1xx_hal_cortex.o [1]
HAL_NVIC_SetPriorityGrouping
                        0x080005ff   0x1a  Code  Gb  stm32f1xx_hal_cortex.o [1]
HAL_RCC_ClockConfig     0x080003eb  0x10c  Code  Gb  stm32f1xx_hal_rcc.o [1]
HAL_RCC_GetHCLKFreq     0x08000559    0x6  Code  Gb  stm32f1xx_hal_rcc.o [1]
HAL_RCC_GetSysClockFreq
                        0x0800051f   0x3a  Code  Gb  stm32f1xx_hal_rcc.o [1]
HAL_RCC_GetSysClockFreq::aPLLMULFactorTable
                        0x08000588   0x10  Data  Lc  stm32f1xx_hal_rcc.o [1]
HAL_RCC_GetSysClockFreq::aPredivFactorTable
                        0x08000598    0x2  Data  Lc  stm32f1xx_hal_rcc.o [1]
HAL_RCC_OscConfig       0x080000ed  0x2d8  Code  Gb  stm32f1xx_hal_rcc.o [1]
HAL_SPI_Init            0x08001489   0x84  Code  Gb  stm32f1xx_hal_spi_ex.o [1]
HAL_SPI_MspInit         0x0800137f   0x6a  Code  Gb  spi.o [1]
HAL_SPI_Transmit_DMA    0x08000d39   0x60  Code  Gb  stm32f1xx_hal_spi.o [1]
HAL_SYSTICK_CLKSourceConfig
                        0x0800068f   0x1a  Code  Gb  stm32f1xx_hal_cortex.o [1]
HAL_SYSTICK_Config      0x08000667   0x28  Code  Gb  stm32f1xx_hal_cortex.o [1]
HAL_SYSTICK_IRQHandler  0x080006c1    0x4  Code  Gb  stm32f1xx_hal_cortex.o [1]
HardFault_Handler       0x080015db    0x2  Code  Gb  stm32f1xx_it.o [1]
MX_DMA_Init             0x08001311   0x30  Code  Gb  dma.o [1]
MX_GPIO_Init            0x080012e1   0x30  Code  Gb  gpio.o [1]
MX_SPI1_Init            0x08001341   0x3e  Code  Gb  spi.o [1]
MemManage_Handler       0x080015dd    0x2  Code  Gb  stm32f1xx_it.o [1]
NMI_Handler             0x080015d9    0x2  Code  Gb  stm32f1xx_it.o [1]
NVIC_SetPriority        0x080005e5   0x1a  Code  Lc  stm32f1xx_hal_cortex.o [1]
PendSV_Handler          0x080015e7    0x2  Code  Gb  stm32f1xx_it.o [1]
PixelUpdate             0x08000ae5   0x16  Code  Gb  Adafruit_NeoPixel.o [1]
Region$$Table$$Base     0x08001638          --   Gb  - Linker created -
Region$$Table$$Limit    0x0800165c          --   Gb  - Linker created -
SPI_DMAError            0x08000ebd   0x1a  Code  Lc  stm32f1xx_hal_spi.o [1]
SPI_DMAHalfTransmitCplt
                        0x08000eb5    0x6  Code  Lc  stm32f1xx_hal_spi.o [1]
SPI_DMATransmitCplt     0x08000e35   0x38  Code  Lc  stm32f1xx_hal_spi.o [1]
SPI_WaitOnFlagUntilTimeout
                        0x08000ed7   0x94  Code  Lc  stm32f1xx_hal_spi.o [1]
SVC_Handler             0x080015e3    0x2  Code  Gb  stm32f1xx_it.o [1]
Send_2811_24bits        0x08000a4b   0x1a  Code  Gb  Adafruit_NeoPixel.o [1]
Send_8bits              0x08000a19   0x32  Code  Gb  Adafruit_NeoPixel.o [1]
SetPixelColor           0x08000abf   0x18  Code  Gb  Adafruit_NeoPixel.o [1]
SysTick_Handler         0x080015e9    0xe  Code  Gb  stm32f1xx_it.o [1]
SystemClock_Config      0x0800124d   0x6e  Code  Gb  main.o [1]
SystemCoreClock         0x20000000    0x4  Data  Gb  system_stm32f1xx.o [1]
SystemInit              0x08001511   0x3a  Code  Gb  system_stm32f1xx.o [1]
UsageFault_Handler      0x080015e1    0x2  Code  Gb  stm32f1xx_it.o [1]
WS2812B_Init            0x08000c97   0x16  Code  Gb  Adafruit_NeoPixel.o [1]
WS2812B_Test            0x08000cbd   0x72  Code  Gb  Adafruit_NeoPixel.o [1]
Wheel                   0x08000b17   0x54  Code  Gb  Adafruit_NeoPixel.o [1]
__aeabi_memclr4         0x08000f6d         Code  Gb  ABImemclr4.o [4]
__cmain                 0x0800165d         Code  Gb  cmain.o [4]
__exit                  0x0800168d   0x14  Code  Gb  exit.o [5]
__iar_Memset4_word      0x08000f79         Code  Gb  ABImemset48.o [4]
__iar_Memset8_word      0x08000f79         Code  Gb  ABImemset48.o [4]
__iar_copy_init3        0x080015ad   0x2c  Code  Gb  copy_init3.o [4]
__iar_data_init3        0x08001611   0x28  Code  Gb  data_init.o [4]
__iar_program_start     0x080016b1         Code  Gb  cstartup_M.o [4]
__iar_systems$$module {Abs}
                        0x00000001         Data  Gb  command line/config [2]
__iar_zero_init3        0x0800156d   0x40  Code  Gb  zero_init3.o [4]
__low_level_init        0x08001677    0x4  Code  Gb  low_level_init.o [3]
__vector_table          0x08000000         Data  Gb  startup_stm32f103xb.o [1]
_call_main              0x08001669         Code  Gb  cmain.o [4]
_exit                   0x08001681         Code  Gb  cexit.o [4]
_main                   0x08001673         Code  Gb  cmain.o [4]
bBuffer                 0x200008a8    0x8  Data  Gb  Adafruit_NeoPixel.o [1]
colorWipe               0x08000c77   0x20  Code  Gb  Adafruit_NeoPixel.o [1]
exit                    0x0800167b    0x4  Code  Gb  exit.o [3]
gBuffer                 0x200008a0    0x8  Data  Gb  Adafruit_NeoPixel.o [1]
hdma_spi1_tx            0x20000860   0x38  Data  Gb  spi.o [1]
hspi1                   0x20000808   0x58  Data  Gb  spi.o [1]
main                    0x08001161   0xcc  Code  Gb  main.o [1]
rBuffer                 0x20000898    0x8  Data  Gb  Adafruit_NeoPixel.o [1]
rainbow                 0x08000b6b   0x2e  Code  Gb  Adafruit_NeoPixel.o [1]
rainbowCycle            0x08000b9f   0x36  Code  Gb  Adafruit_NeoPixel.o [1]
setAllPixelColor        0x08000a65   0x1e  Code  Gb  Adafruit_NeoPixel.o [1]
setPixelColor           0x08000a83   0x3c  Code  Gb  Adafruit_NeoPixel.o [1]
theaterChase            0x08000bd5   0x46  Code  Gb  Adafruit_NeoPixel.o [1]
theaterChaseRainbow     0x08000c1b   0x56  Code  Gb  Adafruit_NeoPixel.o [1]
uCRCErrorWorkaroundCheck
                        0x200008b4    0x1  Data  Gb  stm32f1xx_hal_spi_ex.o [1]
uwTick                  0x200008b0    0x4  Data  Lc  stm32f1xx_hal.o [1]


[1] = G:\机智云工作记录\GoKit2\Gokit_WS2812B_Test\EWARM\Gokit_WS2812B_Test\Obj
[2] = command line
[3] = dl7M_tlf.a
[4] = rt7M_tl.a
[5] = shb_l.a

  5 952 bytes of readonly  code memory
     40 bytes of readonly  data memory
  2 225 bytes of readwrite data memory

Errors: none
Warnings: none
