Component: ARM Compiler 5.06 update 4 (build 422) Tool: armlink [4d35d2]

==============================================================================

Section Cross References

    spi.o(i.HAL_SPI_MspDeInit) refers to stm32l4xx_hal_gpio.o(i.HAL_GPIO_DeInit) for HAL_GPIO_DeInit
    spi.o(i.HAL_SPI_MspDeInit) refers to stm32l4xx_hal_dma.o(i.HAL_DMA_DeInit) for HAL_DMA_DeInit
    spi.o(i.HAL_SPI_MspInit) refers to stm32l4xx_hal_gpio.o(i.HAL_GPIO_Init) for HAL_GPIO_Init
    spi.o(i.HAL_SPI_MspInit) refers to stm32l4xx_hal_dma.o(i.HAL_DMA_Init) for HAL_DMA_Init
    spi.o(i.HAL_SPI_MspInit) refers to main.o(i.Error_Handler) for Error_Handler
    spi.o(i.HAL_SPI_MspInit) refers to spi.o(.bss) for .bss
    spi.o(i.MX_SPI1_Init) refers to stm32l4xx_hal_spi.o(i.HAL_SPI_Init) for HAL_SPI_Init
    spi.o(i.MX_SPI1_Init) refers to main.o(i.Error_Handler) for Error_Handler
    spi.o(i.MX_SPI1_Init) refers to spi.o(.bss) for .bss
    stm32l4xx_it.o(i.DMA1_Channel1_IRQHandler) refers to stm32l4xx_hal_dma.o(i.HAL_DMA_IRQHandler) for HAL_DMA_IRQHandler
    stm32l4xx_it.o(i.DMA1_Channel1_IRQHandler) refers to adc.o(.bss) for hdma_adc1
    stm32l4xx_it.o(i.DMA1_Channel3_IRQHandler) refers to stm32l4xx_hal_dma.o(i.HAL_DMA_IRQHandler) for HAL_DMA_IRQHandler
    stm32l4xx_it.o(i.DMA1_Channel3_IRQHandler) refers to spi.o(.bss) for hdma_spi1_tx
    stm32l4xx_it.o(i.SysTick_Handler) refers to stm32l4xx_hal.o(i.HAL_IncTick) for HAL_IncTick
    stm32l4xx_it.o(i.SysTick_Handler) refers to stm32l4xx_hal_cortex.o(i.HAL_SYSTICK_IRQHandler) for HAL_SYSTICK_IRQHandler
    stm32l4xx_it.o(i.TIM6_DAC_IRQHandler) refers to stm32l4xx_hal_tim.o(i.HAL_TIM_IRQHandler) for HAL_TIM_IRQHandler
    stm32l4xx_it.o(i.TIM6_DAC_IRQHandler) refers to tim.o(.bss) for htim6
    stm32l4xx_it.o(i.TIM7_IRQHandler) refers to stm32l4xx_hal_tim.o(i.HAL_TIM_IRQHandler) for HAL_TIM_IRQHandler
    stm32l4xx_it.o(i.TIM7_IRQHandler) refers to tim.o(.bss) for htim7
    stm32l4xx_it.o(i.USART3_IRQHandler) refers to stm32l4xx_hal_uart.o(i.HAL_UART_IRQHandler) for HAL_UART_IRQHandler
    stm32l4xx_it.o(i.USART3_IRQHandler) refers to usart.o(.bss) for huart3
    gpio.o(i.MX_GPIO_Init) refers to stm32l4xx_hal_pwr_ex.o(i.HAL_PWREx_EnableVddIO2) for HAL_PWREx_EnableVddIO2
    gpio.o(i.MX_GPIO_Init) refers to stm32l4xx_hal_gpio.o(i.HAL_GPIO_WritePin) for HAL_GPIO_WritePin
    gpio.o(i.MX_GPIO_Init) refers to stm32l4xx_hal_gpio.o(i.HAL_GPIO_Init) for HAL_GPIO_Init
    gpio.o(i.MX_GPIO_Init) refers to stm32l4xx_hal_i2c_ex.o(i.HAL_I2CEx_EnableFastModePlus) for HAL_I2CEx_EnableFastModePlus
    dma.o(i.MX_DMA_Init) refers to stm32l4xx_hal_cortex.o(i.HAL_NVIC_SetPriority) for HAL_NVIC_SetPriority
    dma.o(i.MX_DMA_Init) refers to stm32l4xx_hal_cortex.o(i.HAL_NVIC_EnableIRQ) for HAL_NVIC_EnableIRQ
    adc.o(i.HAL_ADC_MspDeInit) refers to stm32l4xx_hal_dma.o(i.HAL_DMA_DeInit) for HAL_DMA_DeInit
    adc.o(i.HAL_ADC_MspInit) refers to stm32l4xx_hal_dma.o(i.HAL_DMA_Init) for HAL_DMA_Init
    adc.o(i.HAL_ADC_MspInit) refers to main.o(i.Error_Handler) for Error_Handler
    adc.o(i.HAL_ADC_MspInit) refers to adc.o(.bss) for .bss
    adc.o(i.MX_ADC1_Init) refers to stm32l4xx_hal_adc.o(i.HAL_ADC_Init) for HAL_ADC_Init
    adc.o(i.MX_ADC1_Init) refers to main.o(i.Error_Handler) for Error_Handler
    adc.o(i.MX_ADC1_Init) refers to stm32l4xx_hal_adc_ex.o(i.HAL_ADCEx_MultiModeConfigChannel) for HAL_ADCEx_MultiModeConfigChannel
    adc.o(i.MX_ADC1_Init) refers to stm32l4xx_hal_adc.o(i.HAL_ADC_ConfigChannel) for HAL_ADC_ConfigChannel
    adc.o(i.MX_ADC1_Init) refers to adc.o(.bss) for .bss
    stm32l4xx_hal_msp.o(i.HAL_MspInit) refers to stm32l4xx_hal_cortex.o(i.HAL_NVIC_SetPriorityGrouping) for HAL_NVIC_SetPriorityGrouping
    stm32l4xx_hal_msp.o(i.HAL_MspInit) refers to stm32l4xx_hal_cortex.o(i.HAL_NVIC_SetPriority) for HAL_NVIC_SetPriority
    usart.o(i.HAL_UART_MspDeInit) refers to stm32l4xx_hal_gpio.o(i.HAL_GPIO_DeInit) for HAL_GPIO_DeInit
    usart.o(i.HAL_UART_MspDeInit) refers to stm32l4xx_hal_cortex.o(i.HAL_NVIC_DisableIRQ) for HAL_NVIC_DisableIRQ
    usart.o(i.HAL_UART_MspInit) refers to stm32l4xx_hal_gpio.o(i.HAL_GPIO_Init) for HAL_GPIO_Init
    usart.o(i.HAL_UART_MspInit) refers to stm32l4xx_hal_cortex.o(i.HAL_NVIC_SetPriority) for HAL_NVIC_SetPriority
    usart.o(i.HAL_UART_MspInit) refers to stm32l4xx_hal_cortex.o(i.HAL_NVIC_EnableIRQ) for HAL_NVIC_EnableIRQ
    usart.o(i.MX_LPUART1_UART_Init) refers to stm32l4xx_hal_uart.o(i.HAL_UART_Init) for HAL_UART_Init
    usart.o(i.MX_LPUART1_UART_Init) refers to main.o(i.Error_Handler) for Error_Handler
    usart.o(i.MX_LPUART1_UART_Init) refers to usart.o(.bss) for .bss
    usart.o(i.MX_USART3_UART_Init) refers to stm32l4xx_hal_uart.o(i.HAL_UART_Init) for HAL_UART_Init
    usart.o(i.MX_USART3_UART_Init) refers to main.o(i.Error_Handler) for Error_Handler
    usart.o(i.MX_USART3_UART_Init) refers to usart.o(.bss) for .bss
    usart.o(i.fputc) refers to stm32l4xx_hal_uart.o(i.HAL_UART_Transmit) for HAL_UART_Transmit
[...]
    ../Drivers/STM32L4xx_HAL_Driver/Src/stm32l4xx_hal_rcc.c 0x00000000   Number         0  stm32l4xx_hal_rcc.o ABSOLUTE
    ../Drivers/STM32L4xx_HAL_Driver/Src/stm32l4xx_hal_rcc_ex.c 0x00000000   Number         0  stm32l4xx_hal_rcc_ex.o ABSOLUTE
    ../Drivers/STM32L4xx_HAL_Driver/Src/stm32l4xx_hal_spi.c 0x00000000   Number         0  stm32l4xx_hal_spi.o ABSOLUTE
    ../Drivers/STM32L4xx_HAL_Driver/Src/stm32l4xx_hal_spi_ex.c 0x00000000   Number         0  stm32l4xx_hal_spi_ex.o ABSOLUTE
    ../Drivers/STM32L4xx_HAL_Driver/Src/stm32l4xx_hal_tim.c 0x00000000   Number         0  stm32l4xx_hal_tim.o ABSOLUTE
    ../Drivers/STM32L4xx_HAL_Driver/Src/stm32l4xx_hal_tim_ex.c 0x00000000   Number         0  stm32l4xx_hal_tim_ex.o ABSOLUTE
    ../Drivers/STM32L4xx_HAL_Driver/Src/stm32l4xx_hal_uart.c 0x00000000   Number         0  stm32l4xx_hal_uart.o ABSOLUTE
    ../Drivers/STM32L4xx_HAL_Driver/Src/stm32l4xx_hal_uart_ex.c 0x00000000   Number         0  stm32l4xx_hal_uart_ex.o ABSOLUTE
    ../Src/adc.c                             0x00000000   Number         0  adc.o ABSOLUTE
    ../Src/dma.c                             0x00000000   Number         0  dma.o ABSOLUTE
    ../Src/gpio.c                            0x00000000   Number         0  gpio.o ABSOLUTE
    ../Src/main.c                            0x00000000   Number         0  main.o ABSOLUTE
    ../Src/spi.c                             0x00000000   Number         0  spi.o ABSOLUTE
    ../Src/stm32l4xx_hal_msp.c               0x00000000   Number         0  stm32l4xx_hal_msp.o ABSOLUTE
    ../Src/stm32l4xx_it.c                    0x00000000   Number         0  stm32l4xx_it.o ABSOLUTE
    ../Src/system_stm32l4xx.c                0x00000000   Number         0  system_stm32l4xx.o ABSOLUTE
    ../Src/tim.c                             0x00000000   Number         0  tim.o ABSOLUTE
    ../Src/usart.c                           0x00000000   Number         0  usart.o ABSOLUTE
    ../clib/microlib/division.c              0x00000000   Number         0  uidiv.o ABSOLUTE
    ../clib/microlib/division.c              0x00000000   Number         0  uldiv.o ABSOLUTE
    ../clib/microlib/init/entry.s            0x00000000   Number         0  entry11b.o ABSOLUTE
    ../clib/microlib/init/entry.s            0x00000000   Number         0  entry7b.o ABSOLUTE
    ../clib/microlib/init/entry.s            0x00000000   Number         0  entry.o ABSOLUTE
    ../clib/microlib/init/entry.s            0x00000000   Number         0  entry5.o ABSOLUTE
    ../clib/microlib/init/entry.s            0x00000000   Number         0  entry11a.o ABSOLUTE
    ../clib/microlib/init/entry.s            0x00000000   Number         0  entry2.o ABSOLUTE
    ../clib/microlib/init/entry.s            0x00000000   Number         0  entry8a.o ABSOLUTE
    ../clib/microlib/init/entry.s            0x00000000   Number         0  entry8b.o ABSOLUTE
    ../clib/microlib/init/entry.s            0x00000000   Number         0  entry9a.o ABSOLUTE
    ../clib/microlib/init/entry.s            0x00000000   Number         0  entry9b.o ABSOLUTE
    ../clib/microlib/init/entry.s            0x00000000   Number         0  entry7a.o ABSOLUTE
    ../clib/microlib/init/entry.s            0x00000000   Number         0  entry10a.o ABSOLUTE
    ../clib/microlib/init/entry.s            0x00000000   Number         0  entry10b.o ABSOLUTE
    ../clib/microlib/longlong.c              0x00000000   Number         0  llsshr.o ABSOLUTE
    ../clib/microlib/longlong.c              0x00000000   Number         0  llushr.o ABSOLUTE
    ../clib/microlib/longlong.c              0x00000000   Number         0  llshl.o ABSOLUTE
    ../clib/microlib/printf/printf.c         0x00000000   Number         0  printf2.o ABSOLUTE
    ../clib/microlib/printf/printf.c         0x00000000   Number         0  printf3.o ABSOLUTE
    ../clib/microlib/printf/printf.c         0x00000000   Number         0  printf4.o ABSOLUTE
    ../clib/microlib/printf/printf.c         0x00000000   Number         0  printf5.o ABSOLUTE
    ../clib/microlib/printf/printf.c         0x00000000   Number         0  printf6.o ABSOLUTE
    ../clib/microlib/printf/printf.c         0x00000000   Number         0  printf7.o ABSOLUTE
    ../clib/microlib/printf/printf.c         0x00000000   Number         0  printf1.o ABSOLUTE
    ../clib/microlib/printf/printf.c         0x00000000   Number         0  printf0.o ABSOLUTE
    ../clib/microlib/printf/printf.c         0x00000000   Number         0  printf8.o ABSOLUTE
    ../clib/microlib/printf/printf.c         0x00000000   Number         0  printfa.o ABSOLUTE
    ../clib/microlib/printf/printf.c         0x00000000   Number         0  printfb.o ABSOLUTE
    ../clib/microlib/printf/stubs.s          0x00000000   Number         0  stubs.o ABSOLUTE
    ../clib/microlib/stdio/streams.c         0x00000000   Number         0  stdout.o ABSOLUTE
    ../clib/microlib/string/memcpy.c         0x00000000   Number         0  memcpya.o ABSOLUTE
    ../clib/microlib/string/memcpy.c         0x00000000   Number         0  memcpyb.o ABSOLUTE
    ../clib/microlib/string/memset.c         0x00000000   Number         0  memseta.o ABSOLUTE
    ../clib/microlib/stubs.s                 0x00000000   Number         0  iusefp.o ABSOLUTE
    ../fplib/microlib/fpadd.c                0x00000000   Number         0  dadd.o ABSOLUTE
    ../fplib/microlib/fpdiv.c                0x00000000   Number         0  ddiv.o ABSOLUTE
    ../fplib/microlib/fpepilogue.c           0x00000000   Number         0  depilogue.o ABSOLUTE
    ../fplib/microlib/fpfix.c                0x00000000   Number         0  dfixul.o ABSOLUTE
    ../fplib/microlib/fpmul.c                0x00000000   Number         0  dmul.o ABSOLUTE
    ..\Adafruit_NeoPixel\Adafruit_NeoPixel.c 0x00000000   Number         0  adafruit_neopixel.o ABSOLUTE
    ..\Drivers\STM32L4xx_HAL_Driver\Src\stm32l4xx_hal.c 0x00000000   Number         0  stm32l4xx_hal.o ABSOLUTE
    ..\Drivers\STM32L4xx_HAL_Driver\Src\stm32l4xx_hal_adc.c 0x00000000   Number         0  stm32l4xx_hal_adc.o ABSOLUTE
    ..\Drivers\STM32L4xx_HAL_Driver\Src\stm32l4xx_hal_adc_ex.c 0x00000000   Number         0  stm32l4xx_hal_adc_ex.o ABSOLUTE
    ..\Drivers\STM32L4xx_HAL_Driver\Src\stm32l4xx_hal_cortex.c 0x00000000   Number         0  stm32l4xx_hal_cortex.o ABSOLUTE
    ..\Drivers\STM32L4xx_HAL_Driver\Src\stm32l4xx_hal_dma.c 0x00000000   Number         0  stm32l4xx_hal_dma.o ABSOLUTE
    ..\Drivers\STM32L4xx_HAL_Driver\Src\stm32l4xx_hal_flash.c 0x00000000   Number         0  stm32l4xx_hal_flash.o ABSOLUTE
    ..\Drivers\STM32L4xx_HAL_Driver\Src\stm32l4xx_hal_flash_ex.c 0x00000000   Number         0  stm32l4xx_hal_flash_ex.o ABSOLUTE
    ..\Drivers\STM32L4xx_HAL_Driver\Src\stm32l4xx_hal_flash_ramfunc.c 0x00000000   Number         0  stm32l4xx_hal_flash_ramfunc.o ABSOLUTE
    ..\Drivers\STM32L4xx_HAL_Driver\Src\stm32l4xx_hal_gpio.c 0x00000000   Number         0  stm32l4xx_hal_gpio.o ABSOLUTE
    ..\Drivers\STM32L4xx_HAL_Driver\Src\stm32l4xx_hal_i2c.c 0x00000000   Number         0  stm32l4xx_hal_i2c.o ABSOLUTE
    ..\Drivers\STM32L4xx_HAL_Driver\Src\stm32l4xx_hal_i2c_ex.c 0x00000000   Number         0  stm32l4xx_hal_i2c_ex.o ABSOLUTE
    ..\Drivers\STM32L4xx_HAL_Driver\Src\stm32l4xx_hal_pwr.c 0x00000000   Number         0  stm32l4xx_hal_pwr.o ABSOLUTE
    ..\Drivers\STM32L4xx_HAL_Driver\Src\stm32l4xx_hal_pwr_ex.c 0x00000000   Number         0  stm32l4xx_hal_pwr_ex.o ABSOLUTE
    ..\Drivers\STM32L4xx_HAL_Driver\Src\stm32l4xx_hal_rcc.c 0x00000000   Number         0  stm32l4xx_hal_rcc.o ABSOLUTE
    ..\Drivers\STM32L4xx_HAL_Driver\Src\stm32l4xx_hal_rcc_ex.c 0x00000000   Number         0  stm32l4xx_hal_rcc_ex.o ABSOLUTE
    ..\Drivers\STM32L4xx_HAL_Driver\Src\stm32l4xx_hal_spi.c 0x00000000   Number         0  stm32l4xx_hal_spi.o ABSOLUTE
    ..\Drivers\STM32L4xx_HAL_Driver\Src\stm32l4xx_hal_spi_ex.c 0x00000000   Number         0  stm32l4xx_hal_spi_ex.o ABSOLUTE
    ..\Drivers\STM32L4xx_HAL_Driver\Src\stm32l4xx_hal_tim.c 0x00000000   Number         0  stm32l4xx_hal_tim.o ABSOLUTE
    ..\Drivers\STM32L4xx_HAL_Driver\Src\stm32l4xx_hal_tim_ex.c 0x00000000   Number         0  stm32l4xx_hal_tim_ex.o ABSOLUTE
    ..\Drivers\STM32L4xx_HAL_Driver\Src\stm32l4xx_hal_uart.c 0x00000000   Number         0  stm32l4xx_hal_uart.o ABSOLUTE
    ..\Drivers\STM32L4xx_HAL_Driver\Src\stm32l4xx_hal_uart_ex.c 0x00000000   Number         0  stm32l4xx_hal_uart_ex.o ABSOLUTE
    ..\Gizwits\gizwits_product.c             0x00000000   Number         0  gizwits_product.o ABSOLUTE
    ..\Gizwits\gizwits_protocol.c            0x00000000   Number         0  gizwits_protocol.o ABSOLUTE
    ..\Src\adc.c                             0x00000000   Number         0  adc.o ABSOLUTE
    ..\Src\dma.c                             0x00000000   Number         0  dma.o ABSOLUTE
    ..\Src\gpio.c                            0x00000000   Number         0  gpio.o ABSOLUTE
    ..\Src\hal_key.c                         0x00000000   Number         0  hal_key.o ABSOLUTE
    ..\Src\main.c                            0x00000000   Number         0  main.o ABSOLUTE
    ..\Src\spi.c                             0x00000000   Number         0  spi.o ABSOLUTE
    ..\Src\stm32l4xx_hal_msp.c               0x00000000   Number         0  stm32l4xx_hal_msp.o ABSOLUTE
    ..\Src\stm32l4xx_it.c                    0x00000000   Number         0  stm32l4xx_it.o ABSOLUTE
    ..\Src\system_stm32l4xx.c                0x00000000   Number         0  system_stm32l4xx.o ABSOLUTE
    ..\Src\tim.c                             0x00000000   Number         0  tim.o ABSOLUTE
    ..\Src\usart.c                           0x00000000   Number         0  usart.o ABSOLUTE
    ..\\Adafruit_NeoPixel\\Adafruit_NeoPixel.c 0x00000000   Number         0  adafruit_neopixel.o ABSOLUTE
    ..\\Gizwits\\gizwits_product.c           0x00000000   Number         0  gizwits_product.o ABSOLUTE
    ..\\Gizwits\\gizwits_protocol.c          0x00000000   Number         0  gizwits_protocol.o ABSOLUTE
    ..\\Src\\hal_key.c                       0x00000000   Number         0  hal_key.o ABSOLUTE
    cdrcmple.s                               0x00000000   Number         0  cdrcmple.o ABSOLUTE
    dc.s                                     0x00000000   Number         0  dc.o ABSOLUTE
    handlers.s                               0x00000000   Number         0  handlers.o ABSOLUTE
    init.s                                   0x00000000   Number         0  init.o ABSOLUTE
    startup_stm32l496xx.s                    0x00000000   Number         0  startup_stm32l496xx.o ABSOLUTE
    RESET                                    0x08000000   Section      428  startup_stm32l496xx.o(RESET)
    .ARM.Collect$$$$00000000                 0x080001ac   Section        0  entry.o(.ARM.Collect$$$$00000000)
    .ARM.Collect$$$$00000001                 0x080001ac   Section        4  entry2.o(.ARM.Collect$$$$00000001)
    .ARM.Collect$$$$00000004                 0x080001b0   Section        4  entry5.o(.ARM.Collect$$$$00000004)
    .ARM.Collect$$$$00000008                 0x080001b4   Section        0  entry7b.o(.ARM.Collect$$$$00000008)
    .ARM.Collect$$$$0000000A                 0x080001b4   Section        0  entry8b.o(.ARM.Collect$$$$0000000A)
    .ARM.Collect$$$$0000000B                 0x080001b4   Section        8  entry9a.o(.ARM.Collect$$$$0000000B)
    .ARM.Collect$$$$0000000D                 0x080001bc   Section        0  entry10a.o(.ARM.Collect$$$$0000000D)
    .ARM.Collect$$$$0000000F                 0x080001bc   Section        0  entry11a.o(.ARM.Collect$$$$0000000F)
    .ARM.Collect$$$$00002712                 0x080001bc   Section        4  entry2.o(.ARM.Collect$$$$00002712)
    __lit__00000000                          0x080001bc   Data           4  entry2.o(.ARM.Collect$$$$00002712)
    .text                                    0x080001c0   Section       36  startup_stm32l496xx.o(.text)
    $v0                                      0x080001c0   Number         0  startup_stm32l496xx.o(.text)
    .text                                    0x080001e4   Section        0  uldiv.o(.text)
    .text                                    0x0800024c   Section        0  memcpya.o(.text)
    .text                                    0x08000270   Section        0  memseta.o(.text)
    .text                                    0x08000294   Section        0  llshl.o(.text)
    .text                                    0x080002b2   Section        0  llushr.o(.text)
    .text                                    0x080002d4   Section       36  init.o(.text)
    i.ADC_DMAConvCplt                        0x080002f8   Section        0  stm32l4xx_hal_adc.o(i.ADC_DMAConvCplt)
    i.ADC_DMAError                           0x0800036a   Section        0  stm32l4xx_hal_adc.o(i.ADC_DMAError)
    i.ADC_DMAHalfConvCplt                    0x08000384   Section        0  stm32l4xx_hal_adc.o(i.ADC_DMAHalfConvCplt)
    i.ADC_Enable                             0x0800038e   Section        0  stm32l4xx_hal_adc.o(i.ADC_Enable)
    i.BusFault_Handler                       0x080003fc   Section        0  stm32l4xx_it.o(i.BusFault_Handler)
    i.DMA1_Channel1_IRQHandler               0x08000400   Section        0  stm32l4xx_it.o(i.DMA1_Channel1_IRQHandler)
    i.DMA1_Channel3_IRQHandler               0x0800040c   Section        0  stm32l4xx_it.o(i.DMA1_Channel3_IRQHandler)
    i.DebugMon_Handler                       0x08000418   Section        0  stm32l4xx_it.o(i.DebugMon_Handler)
    i.Error_Handler                          0x0800041a   Section        0  main.o(i.Error_Handler)
    i.HAL_ADCEx_MultiModeConfigChannel       0x0800041c   Section        0  stm32l4xx_hal_adc_ex.o(i.HAL_ADCEx_MultiModeConfigChannel)
    i.HAL_ADC_ConfigChannel                  0x08000530   Section        0  stm32l4xx_hal_adc.o(i.HAL_ADC_ConfigChannel)
    i.HAL_ADC_ConvCpltCallback               0x08000af0   Section        0  stm32l4xx_hal_adc.o(i.HAL_ADC_ConvCpltCallback)
    i.HAL_ADC_ConvHalfCpltCallback           0x08000af2   Section        0  stm32l4xx_hal_adc.o(i.HAL_ADC_ConvHalfCpltCallback)
    i.HAL_ADC_ErrorCallback                  0x08000af4   Section        0  stm32l4xx_hal_adc.o(i.HAL_ADC_ErrorCallback)
    i.HAL_ADC_Init                           0x08000af8   Section        0  stm32l4xx_hal_adc.o(i.HAL_ADC_Init)
    i.HAL_ADC_MspInit                        0x08000da0   Section        0  adc.o(i.HAL_ADC_MspInit)
    i.HAL_ADC_Start_DMA                      0x08000e04   Section        0  stm32l4xx_hal_adc.o(i.HAL_ADC_Start_DMA)
    i.HAL_DMA_Abort_IT                       0x08000f24   Section        0  stm32l4xx_hal_dma.o(i.HAL_DMA_Abort_IT)
    i.HAL_DMA_IRQHandler                     0x08000f70   Section        0  stm32l4xx_hal_dma.o(i.HAL_DMA_IRQHandler)
    i.HAL_DMA_Init                           0x0800103c   Section        0  stm32l4xx_hal_dma.o(i.HAL_DMA_Init)
    i.HAL_DMA_Start_IT                       0x0800113c   Section        0  stm32l4xx_hal_dma.o(i.HAL_DMA_Start_IT)
    i.HAL_Delay                              0x080011d2   Section        0  stm32l4xx_hal.o(i.HAL_Delay)
    i.HAL_GPIO_Init                          0x080011f0   Section        0  stm32l4xx_hal_gpio.o(i.HAL_GPIO_Init)
    i.HAL_GPIO_ReadPin                       0x0800143a   Section        0  stm32l4xx_hal_gpio.o(i.HAL_GPIO_ReadPin)
    i.HAL_GPIO_WritePin                      0x08001444   Section        0  stm32l4xx_hal_gpio.o(i.HAL_GPIO_WritePin)
    i.HAL_GetTick                            0x08001450   Section        0  stm32l4xx_hal.o(i.HAL_GetTick)
    i.HAL_I2CEx_EnableFastModePlus           0x0800145c   Section        0  stm32l4xx_hal_i2c_ex.o(i.HAL_I2CEx_EnableFastModePlus)
    i.HAL_IncTick                            0x08001484   Section        0  stm32l4xx_hal.o(i.HAL_IncTick)
    i.HAL_Init                               0x08001494   Section        0  stm32l4xx_hal.o(i.HAL_Init)
    i.HAL_InitTick                           0x080014ac   Section        0  stm32l4xx_hal.o(i.HAL_InitTick)
    i.HAL_MspInit                            0x080014d4   Section        0  stm32l4xx_hal_msp.o(i.HAL_MspInit)
    i.HAL_NVIC_EnableIRQ                     0x08001554   Section        0  stm32l4xx_hal_cortex.o(i.HAL_NVIC_EnableIRQ)
    i.HAL_NVIC_SetPriority                   0x0800156c   Section        0  stm32l4xx_hal_cortex.o(i.HAL_NVIC_SetPriority)
    i.HAL_NVIC_SetPriorityGrouping           0x080015d0   Section        0  stm32l4xx_hal_cortex.o(i.HAL_NVIC_SetPriorityGrouping)
    i.HAL_NVIC_SystemReset                   0x080015f4   Section        0  stm32l4xx_hal_cortex.o(i.HAL_NVIC_SystemReset)
    i.HAL_PWREx_ControlVoltageScaling        0x08001618   Section        0  stm32l4xx_hal_pwr_ex.o(i.HAL_PWREx_ControlVoltageScaling)
    i.HAL_PWREx_EnableVddIO2                 0x08001684   Section        0  stm32l4xx_hal_pwr_ex.o(i.HAL_PWREx_EnableVddIO2)
    i.HAL_PWREx_GetVoltageRange              0x08001694   Section        0  stm32l4xx_hal_pwr_ex.o(i.HAL_PWREx_GetVoltageRange)
    i.HAL_RCCEx_PeriphCLKConfig              0x080016a4   Section        0  stm32l4xx_hal_rcc_ex.o(i.HAL_RCCEx_PeriphCLKConfig)
    i.HAL_RCC_ClockConfig                    0x08001ad0   Section        0  stm32l4xx_hal_rcc.o(i.HAL_RCC_ClockConfig)
    i.HAL_RCC_GetHCLKFreq                    0x08001c78   Section        0  stm32l4xx_hal_rcc.o(i.HAL_RCC_GetHCLKFreq)
    i.HAL_RCC_GetPCLK1Freq                   0x08001c84   Section        0  stm32l4xx_hal_rcc.o(i.HAL_RCC_GetPCLK1Freq)
    i.HAL_RCC_GetPCLK2Freq                   0x08001cb4   Section        0  stm32l4xx_hal_rcc.o(i.HAL_RCC_GetPCLK2Freq)
    i.HAL_RCC_GetSysClockFreq                0x08001ce4   Section        0  stm32l4xx_hal_rcc.o(i.HAL_RCC_GetSysClockFreq)
    i.HAL_RCC_OscConfig                      0x08001e10   Section        0  stm32l4xx_hal_rcc.o(i.HAL_RCC_OscConfig)
    i.HAL_SPI_ErrorCallback                  0x080024bc   Section        0  stm32l4xx_hal_spi.o(i.HAL_SPI_ErrorCallback)
    i.HAL_SPI_Init                           0x080024be   Section        0  stm32l4xx_hal_spi.o(i.HAL_SPI_Init)
    i.HAL_SPI_MspInit                        0x08002574   Section        0  spi.o(i.HAL_SPI_MspInit)
    i.HAL_SPI_Transmit_DMA                   0x080025f8   Section        0  stm32l4xx_hal_spi.o(i.HAL_SPI_Transmit_DMA)
    i.HAL_SPI_TxCpltCallback                 0x08002700   Section        0  stm32l4xx_hal_spi.o(i.HAL_SPI_TxCpltCallback)
    i.HAL_SPI_TxHalfCpltCallback             0x08002702   Section        0  stm32l4xx_hal_spi.o(i.HAL_SPI_TxHalfCpltCallback)
    i.HAL_SYSTICK_CLKSourceConfig            0x08002704   Section        0  stm32l4xx_hal_cortex.o(i.HAL_SYSTICK_CLKSourceConfig)
    i.HAL_SYSTICK_Callback                   0x0800271a   Section        0  stm32l4xx_hal_cortex.o(i.HAL_SYSTICK_Callback)
    i.HAL_SYSTICK_Config                     0x0800271c   Section        0  stm32l4xx_hal_cortex.o(i.HAL_SYSTICK_Config)
    i.HAL_SYSTICK_IRQHandler                 0x08002748   Section        0  stm32l4xx_hal_cortex.o(i.HAL_SYSTICK_IRQHandler)
    i.HAL_TIMEx_BreakCallback                0x08002750   Section        0  stm32l4xx_hal_tim_ex.o(i.HAL_TIMEx_BreakCallback)
    i.HAL_TIMEx_CommutationCallback          0x08002752   Section        0  stm32l4xx_hal_tim_ex.o(i.HAL_TIMEx_CommutationCallback)
    i.HAL_TIMEx_MasterConfigSynchronization  0x08002754   Section        0  stm32l4xx_hal_tim_ex.o(i.HAL_TIMEx_MasterConfigSynchronization)
    i.HAL_TIM_Base_Init                      0x080027b0   Section        0  stm32l4xx_hal_tim.o(i.HAL_TIM_Base_Init)
    i.HAL_TIM_Base_MspInit                   0x080027e8   Section        0  tim.o(i.HAL_TIM_Base_MspInit)
    i.HAL_TIM_Base_Start_IT                  0x08002850   Section        0  stm32l4xx_hal_tim.o(i.HAL_TIM_Base_Start_IT)
    i.HAL_TIM_IC_CaptureCallback             0x08002868   Section        0  stm32l4xx_hal_tim.o(i.HAL_TIM_IC_CaptureCallback)
    i.HAL_TIM_IRQHandler                     0x0800286a   Section        0  stm32l4xx_hal_tim.o(i.HAL_TIM_IRQHandler)
    i.HAL_TIM_OC_DelayElapsedCallback        0x080029d6   Section        0  stm32l4xx_hal_tim.o(i.HAL_TIM_OC_DelayElapsedCallback)
    i.HAL_TIM_PWM_PulseFinishedCallback      0x080029d8   Section        0  stm32l4xx_hal_tim.o(i.HAL_TIM_PWM_PulseFinishedCallback)
    i.HAL_TIM_PeriodElapsedCallback          0x080029dc   Section        0  gizwits_product.o(i.HAL_TIM_PeriodElapsedCallback)
    i.HAL_TIM_TriggerCallback                0x08002a0c   Section        0  stm32l4xx_hal_tim.o(i.HAL_TIM_TriggerCallback)
    i.HAL_UARTEx_WakeupCallback              0x08002a0e   Section        0  stm32l4xx_hal_uart_ex.o(i.HAL_UARTEx_WakeupCallback)
    i.HAL_UART_ErrorCallback                 0x08002a10   Section        0  stm32l4xx_hal_uart.o(i.HAL_UART_ErrorCallback)
    i.HAL_UART_IRQHandler                    0x08002a14   Section        0  stm32l4xx_hal_uart.o(i.HAL_UART_IRQHandler)
    i.HAL_UART_Init                          0x08002ce4   Section        0  stm32l4xx_hal_uart.o(i.HAL_UART_Init)
    i.HAL_UART_MspInit                       0x08002d54   Section        0  usart.o(i.HAL_UART_MspInit)
    i.HAL_UART_Receive_IT                    0x08002df0   Section        0  stm32l4xx_hal_uart.o(i.HAL_UART_Receive_IT)
    i.HAL_UART_RxCpltCallback                0x08002e88   Section        0  gizwits_product.o(i.HAL_UART_RxCpltCallback)
    i.HAL_UART_Transmit                      0x08002eb8   Section        0  stm32l4xx_hal_uart.o(i.HAL_UART_Transmit)
    i.HAL_UART_TxCpltCallback                0x08002fd2   Section        0  stm32l4xx_hal_uart.o(i.HAL_UART_TxCpltCallback)
    i.HardFault_Handler                      0x08002fd4   Section        0  stm32l4xx_it.o(i.HardFault_Handler)
    i.MX_ADC1_Init                           0x08002fd8   Section        0  adc.o(i.MX_ADC1_Init)
    i.MX_DMA_Init                            0x08003050   Section        0  dma.o(i.MX_DMA_Init)
    i.MX_GPIO_Init                           0x0800308c   Section        0  gpio.o(i.MX_GPIO_Init)
    i.MX_LPUART1_UART_Init                   0x08003240   Section        0  usart.o(i.MX_LPUART1_UART_Init)
    i.MX_SPI1_Init                           0x0800327c   Section        0  spi.o(i.MX_SPI1_Init)
    i.MX_TIM6_Init                           0x080032cc   Section        0  tim.o(i.MX_TIM6_Init)
    i.MX_TIM7_Init                           0x08003310   Section        0  tim.o(i.MX_TIM7_Init)
    i.MX_USART3_UART_Init                    0x08003354   Section        0  usart.o(i.MX_USART3_UART_Init)
    i.MemManage_Handler                      0x08003390   Section        0  stm32l4xx_it.o(i.MemManage_Handler)
    i.NMI_Handler                            0x08003392   Section        0  stm32l4xx_it.o(i.NMI_Handler)
    i.PendSV_Handler                         0x08003394   Section        0  stm32l4xx_it.o(i.PendSV_Handler)
    i.RCCEx_PLLSAI1_Config                   0x08003398   Section        0  stm32l4xx_hal_rcc_ex.o(i.RCCEx_PLLSAI1_Config)
    RCCEx_PLLSAI1_Config                     0x08003399   Thumb Code   412  stm32l4xx_hal_rcc_ex.o(i.RCCEx_PLLSAI1_Config)
    i.RCCEx_PLLSAI2_Config                   0x08003538   Section        0  stm32l4xx_hal_rcc_ex.o(i.RCCEx_PLLSAI2_Config)
    RCCEx_PLLSAI2_Config                     0x08003539   Thumb Code   356  stm32l4xx_hal_rcc_ex.o(i.RCCEx_PLLSAI2_Config)
    i.SPI_DMAError                           0x080036a0   Section        0  stm32l4xx_hal_spi.o(i.SPI_DMAError)
    SPI_DMAError                             0x080036a1   Thumb Code    34  stm32l4xx_hal_spi.o(i.SPI_DMAError)
    i.SPI_DMAHalfTransmitCplt                0x080036c2   Section        0  stm32l4xx_hal_spi.o(i.SPI_DMAHalfTransmitCplt)
    SPI_DMAHalfTransmitCplt                  0x080036c3   Thumb Code    10  stm32l4xx_hal_spi.o(i.SPI_DMAHalfTransmitCplt)
    i.SPI_DMATransmitCplt                    0x080036cc   Section        0  stm32l4xx_hal_spi.o(i.SPI_DMATransmitCplt)
    SPI_DMATransmitCplt                      0x080036cd   Thumb Code   102  stm32l4xx_hal_spi.o(i.SPI_DMATransmitCplt)
    i.SPI_EndRxTxTransaction                 0x08003732   Section        0  stm32l4xx_hal_spi.o(i.SPI_EndRxTxTransaction)
    SPI_EndRxTxTransaction                   0x08003733   Thumb Code    74  stm32l4xx_hal_spi.o(i.SPI_EndRxTxTransaction)
    i.SPI_WaitFifoStateUntilTimeout          0x0800377c   Section        0  stm32l4xx_hal_spi.o(i.SPI_WaitFifoStateUntilTimeout)
    SPI_WaitFifoStateUntilTimeout            0x0800377d   Thumb Code   154  stm32l4xx_hal_spi.o(i.SPI_WaitFifoStateUntilTimeout)
    i.SPI_WaitFlagStateUntilTimeout          0x08003818   Section        0  stm32l4xx_hal_spi.o(i.SPI_WaitFlagStateUntilTimeout)
    SPI_WaitFlagStateUntilTimeout            0x08003819   Thumb Code   138  stm32l4xx_hal_spi.o(i.SPI_WaitFlagStateUntilTimeout)
    i.SVC_Handler                            0x080038a2   Section        0  stm32l4xx_it.o(i.SVC_Handler)
    i.Send_2811_24bits                       0x080038a4   Section        0  adafruit_neopixel.o(i.Send_2811_24bits)
    i.SysTick_Handler                        0x08003940   Section        0  stm32l4xx_it.o(i.SysTick_Handler)
    i.SystemInit                             0x08003950   Section        0  system_stm32l4xx.o(i.SystemInit)
    i.TIM6_DAC_IRQHandler                    0x08003998   Section        0  stm32l4xx_it.o(i.TIM6_DAC_IRQHandler)
    i.TIM7_IRQHandler                        0x080039a4   Section        0  stm32l4xx_it.o(i.TIM7_IRQHandler)
    i.TIM_Base_SetConfig                     0x080039b0   Section        0  stm32l4xx_hal_tim.o(i.TIM_Base_SetConfig)
    i.UART_AdvFeatureConfig                  0x08003a6c   Section        0  stm32l4xx_hal_uart.o(i.UART_AdvFeatureConfig)
    i.UART_CheckIdleState                    0x08003b46   Section        0  stm32l4xx_hal_uart.o(i.UART_CheckIdleState)
    i.UART_DMAAbortOnError                   0x08003ba6   Section        0  stm32l4xx_hal_uart.o(i.UART_DMAAbortOnError)
    UART_DMAAbortOnError                     0x08003ba7   Thumb Code    20  stm32l4xx_hal_uart.o(i.UART_DMAAbortOnError)
    i.UART_SetConfig                         0x08003bbc   Section        0  stm32l4xx_hal_uart.o(i.UART_SetConfig)
    i.UART_WaitOnFlagUntilTimeout            0x08003eec   Section        0  stm32l4xx_hal_uart.o(i.UART_WaitOnFlagUntilTimeout)
    i.USART3_IRQHandler                      0x08003f64   Section        0  stm32l4xx_it.o(i.USART3_IRQHandler)
    i.UsageFault_Handler                     0x08003f70   Section        0  stm32l4xx_it.o(i.UsageFault_Handler)
    i.WS2812B_Init                           0x08003f74   Section        0  adafruit_neopixel.o(i.WS2812B_Init)
    i.__0printf$8                            0x08003fc8   Section        0  printf8.o(i.__0printf$8)
    i.__ARM_common_memclr4_8                 0x08003fe8   Section        0  gizwits_protocol.o(i.__ARM_common_memclr4_8)
    i.__scatterload_copy                     0x08003ff0   Section       14  handlers.o(i.__scatterload_copy)
    i.__scatterload_null                     0x08003ffe   Section        2  handlers.o(i.__scatterload_null)
    i.__scatterload_zeroinit                 0x08004000   Section       14  handlers.o(i.__scatterload_zeroinit)
    i._printf_core                           0x08004010   Section        0  printf8.o(i._printf_core)
    _printf_core                             0x08004011   Thumb Code   996  printf8.o(i._printf_core)
    i._printf_post_padding                   0x08004426   Section        0  printf8.o(i._printf_post_padding)
    _printf_post_padding                     0x08004427   Thumb Code    36  printf8.o(i._printf_post_padding)
    i._printf_pre_padding                    0x0800444a   Section        0  printf8.o(i._printf_pre_padding)
    _printf_pre_padding                      0x0800444b   Thumb Code    46  printf8.o(i._printf_pre_padding)
    i.fputc                                  0x08004478   Section        0  usart.o(i.fputc)
    i.gizCompressValue                       0x08004494   Section        0  gizwits_protocol.o(i.gizCompressValue)
    gizCompressValue                         0x08004495   Thumb Code    96  gizwits_protocol.o(i.gizCompressValue)
    i.gizDataPoints2ReportData               0x0800451c   Section        0  gizwits_protocol.o(i.gizDataPoints2ReportData)
    gizDataPoints2ReportData                 0x0800451d   Thumb Code   164  gizwits_protocol.o(i.gizDataPoints2ReportData)
    i.gizDecompressionValue                  0x08004650   Section        0  gizwits_protocol.o(i.gizDecompressionValue)
    gizDecompressionValue                    0x08004651   Thumb Code   120  gizwits_protocol.o(i.gizDecompressionValue)
    i.gizGetTimerCount                       0x080046f8   Section        0  gizwits_product.o(i.gizGetTimerCount)
    i.gizProtocolModuleStatus                0x08004704   Section        0  gizwits_protocol.o(i.gizProtocolModuleStatus)
    gizProtocolModuleStatus                  0x08004705   Thumb Code   602  gizwits_protocol.o(i.gizProtocolModuleStatus)
    i.gizProtocolSum                         0x08004b34   Section        0  gizwits_protocol.o(i.gizProtocolSum)
    gizProtocolSum                           0x08004b35   Thumb Code    88  gizwits_protocol.o(i.gizProtocolSum)
    i.gizProtocolWaitAck                     0x08004bc4   Section        0  gizwits_protocol.o(i.gizProtocolWaitAck)
    gizProtocolWaitAck                       0x08004bc5   Thumb Code    62  gizwits_protocol.o(i.gizProtocolWaitAck)
    i.gizPutData                             0x08004c20   Section        0  gizwits_protocol.o(i.gizPutData)
    i.gizwitsEventProcess                    0x08004c94   Section        0  gizwits_product.o(i.gizwitsEventProcess)
    i.gizwitsHandle                          0x08004ed4   Section        0  gizwits_protocol.o(i.gizwitsHandle)
    i.gizwitsInit                            0x08005c6c   Section        0  gizwits_protocol.o(i.gizwitsInit)
    i.gizwitsSetMode                         0x08005c8c   Section        0  gizwits_protocol.o(i.gizwitsSetMode)
    i.key1LongPress                          0x08005e98   Section        0  main.o(i.key1LongPress)
    i.key1ShortPress                         0x08005ecc   Section        0  main.o(i.key1ShortPress)
    i.key2LongPress                          0x08005f00   Section        0  main.o(i.key2LongPress)
    i.key2ShortPress                         0x08005f40   Section        0  main.o(i.key2ShortPress)
    i.keyHandle                              0x08005f7c   Section        0  hal_key.o(i.keyHandle)
    i.keyInitOne                             0x0800600c   Section        0  hal_key.o(i.keyInitOne)
    i.keyParaInit                            0x08006054   Section        0  hal_key.o(i.keyParaInit)
    i.main                                   0x08006070   Section        0  main.o(i.main)
    i.mcuRestart                             0x08006278   Section        0  gizwits_product.o(i.mcuRestart)
    i.rbRead                                 0x08006284   Section        0  gizwits_protocol.o(i.rbRead)
    rbRead                                   0x08006285   Thumb Code   120  gizwits_protocol.o(i.rbRead)
    i.rbWrite                                0x0800631c   Section        0  gizwits_protocol.o(i.rbWrite)
    rbWrite                                  0x0800631d   Thumb Code   218  gizwits_protocol.o(i.rbWrite)
    i.readKeyValue                           0x08006440   Section        0  hal_key.o(i.readKeyValue)
    i.setAllPixelColor                       0x08006550   Section        0  adafruit_neopixel.o(i.setAllPixelColor)
    i.timerInit                              0x080065b0   Section        0  gizwits_product.o(i.timerInit)
    i.uartInit                               0x080065cc   Section        0  gizwits_product.o(i.uartInit)
    i.uartWrite                              0x080065e0   Section        0  gizwits_product.o(i.uartWrite)
    .constdata                               0x08006678   Section       64  system_stm32l4xx.o(.constdata)
    .constdata                               0x080066b8   Section        8  system_stm32l4xx.o(.constdata)
    .conststring                             0x080066c0   Section       65  gizwits_protocol.o(.conststring)
    .data                                    0x20000000   Section       17  main.o(.data)
    thLastTimer                              0x20000008   Data           4  main.o(.data)
    .data                                    0x20000014   Section        8  gizwits_product.o(.data)
    aa                                       0x20000015   Data           1  gizwits_product.o(.data)
    timerMsCount                             0x20000018   Data           4  gizwits_product.o(.data)
    .data                                    0x2000001c   Section       12  gizwits_protocol.o(.data)
    protocolFlag                             0x2000001c   Data           1  gizwits_protocol.o(.data)
    lastData                                 0x2000001d   Data           1  gizwits_protocol.o(.data)
    debugCount                               0x2000001e   Data           1  gizwits_protocol.o(.data)
    protocolCount                            0x20000020   Data           2  gizwits_protocol.o(.data)
    lastStatus                               0x20000022   Data           2  gizwits_protocol.o(.data)
    lastReportTime                           0x20000024   Data           4  gizwits_protocol.o(.data)
    .data                                    0x20000028   Section       23  adafruit_neopixel.o(.data)
    CodeOne                                  0x20000028   Data           1  adafruit_neopixel.o(.data)
    CodeZero                                 0x20000029   Data           1  adafruit_neopixel.o(.data)
    .data                                    0x20000040   Section       10  hal_key.o(.data)
    keyTotolNum                              0x20000040   Data           1  hal_key.o(.data)
    keyCheck                                 0x20000041   Data           1  hal_key.o(.data)
    keyState                                 0x20000042   Data           1  hal_key.o(.data)
    key_total                                0x20000043   Data           1  hal_key.o(.data)
    keyLongCheck                             0x20000046   Data           2  hal_key.o(.data)
    keyPrev                                  0x20000048   Data           2  hal_key.o(.data)
    .data                                    0x2000004c   Section        4  stm32l4xx_hal.o(.data)
    .data                                    0x20000050   Section        4  system_stm32l4xx.o(.data)
    .data                                    0x20000054   Section        4  stdout.o(.data)
    .bss                                     0x20000058   Section      172  spi.o(.bss)
    .bss                                     0x20000104   Section      180  adc.o(.bss)
    .bss                                     0x200001b8   Section      224  usart.o(.bss)
    .bss                                     0x20000298   Section       56  main.o(.bss)
    .bss                                     0x200002d0   Section      120  tim.o(.bss)
    .bss                                     0x20000348   Section      246  gizwits_protocol.o(.bss)
    rbBuf                                    0x2000041c   Data          34  gizwits_protocol.o(.bss)
    STACK                                    0x20000440   Section     9472  startup_stm32l496xx.o(STACK)

    Global Symbols

    Symbol Name                              Value     Ov Type        Size  Object(Section)

    BuildAttributes$$THM_ISAv4$E$P$D$K$B$S$7EM$VFPi3$EXTD16$VFPS$VFMA$PE$A:L22UL41UL21$X:L11$S22US41US21$IEEE1$IW$USESV6$~STKCKD$USESV7$~SHL$OTIME$ROPI$EBA8$MICROLIB$REQ8$PRES8$EABIv2 0x00000000   Number         0  anon$$obj.o ABSOLUTE
    __ARM_use_no_argv                        0x00000000   Number         0  main.o ABSOLUTE
    _printf_a                                0x00000000   Number         0  stubs.o ABSOLUTE
    _printf_c                                0x00000000   Number         0  stubs.o ABSOLUTE
    _printf_charcount                        0x00000000   Number         0  stubs.o ABSOLUTE
    _printf_d                                0x00000000   Number         0  stubs.o ABSOLUTE
    _printf_e                                0x00000000   Number         0  stubs.o ABSOLUTE
    _printf_f                                0x00000000   Number         0  stubs.o ABSOLUTE
    _printf_flags                            0x00000000   Number         0  stubs.o ABSOLUTE
    _printf_fp_dec                           0x00000000   Number         0  stubs.o ABSOLUTE
    _printf_fp_hex                           0x00000000   Number         0  stubs.o ABSOLUTE
    _printf_g                                0x00000000   Number         0  stubs.o ABSOLUTE
    _printf_i                                0x00000000   Number         0  stubs.o ABSOLUTE
    _printf_int_dec                          0x00000000   Number         0  stubs.o ABSOLUTE
    _printf_l                                0x00000000   Number         0  stubs.o ABSOLUTE
    _printf_lc                               0x00000000   Number         0  stubs.o ABSOLUTE
    _printf_ll                               0x00000000   Number         0  stubs.o ABSOLUTE
    _printf_lld                              0x00000000   Number         0  stubs.o ABSOLUTE
    _printf_lli                              0x00000000   Number         0  stubs.o ABSOLUTE
    _printf_llo                              0x00000000   Number         0  stubs.o ABSOLUTE
    _printf_llu                              0x00000000   Number         0  stubs.o ABSOLUTE
    _printf_llx                              0x00000000   Number         0  stubs.o ABSOLUTE
    _printf_longlong_dec                     0x00000000   Number         0  stubs.o ABSOLUTE
    _printf_longlong_hex                     0x00000000   Number         0  stubs.o ABSOLUTE
    _printf_longlong_oct                     0x00000000   Number         0  stubs.o ABSOLUTE
    _printf_ls                               0x00000000   Number         0  stubs.o ABSOLUTE
    _printf_mbtowc                           0x00000000   Number         0  stubs.o ABSOLUTE
    _printf_n                                0x00000000   Number         0  stubs.o ABSOLUTE
    _printf_o                                0x00000000   Number         0  stubs.o ABSOLUTE
    _printf_p                                0x00000000   Number         0  stubs.o ABSOLUTE
    _printf_percent                          0x00000000   Number         0  stubs.o ABSOLUTE
    _printf_pre_padding                      0x00000000   Number         0  stubs.o ABSOLUTE
    _printf_return_value                     0x00000000   Number         0  stubs.o ABSOLUTE
    _printf_s                                0x00000000   Number         0  stubs.o ABSOLUTE
    _printf_sizespec                         0x00000000   Number         0  stubs.o ABSOLUTE
    _printf_str                              0x00000000   Number         0  stubs.o ABSOLUTE
    _printf_truncate_signed                  0x00000000   Number         0  stubs.o ABSOLUTE
    _printf_truncate_unsigned                0x00000000   Number         0  stubs.o ABSOLUTE
    _printf_u                                0x00000000   Number         0  stubs.o ABSOLUTE
    _printf_wc                               0x00000000   Number         0  stubs.o ABSOLUTE
    _printf_wctomb                           0x00000000   Number         0  stubs.o ABSOLUTE
    _printf_widthprec                        0x00000000   Number         0  stubs.o ABSOLUTE
    _printf_x                                0x00000000   Number         0  stubs.o ABSOLUTE
    __cpp_initialize__aeabi_                  - Undefined Weak Reference
    __cxa_finalize                            - Undefined Weak Reference
    __decompress                              - Undefined Weak Reference
    _clock_init                               - Undefined Weak Reference
    _microlib_exit                            - Undefined Weak Reference
    __Vectors_Size                           0x000001ac   Number         0  startup_stm32l496xx.o ABSOLUTE
    __Vectors                                0x08000000   Data           4  startup_stm32l496xx.o(RESET)
    __Vectors_End                            0x080001ac   Data           0  startup_stm32l496xx.o(RESET)
    __main                                   0x080001ad   Thumb Code     0  entry.o(.ARM.Collect$$$$00000000)
    _main_stk                                0x080001ad   Thumb Code     0  entry2.o(.ARM.Collect$$$$00000001)
    _main_scatterload                        0x080001b1   Thumb Code     0  entry5.o(.ARM.Collect$$$$00000004)
    __main_after_scatterload                 0x080001b5   Thumb Code     0  entry5.o(.ARM.Collect$$$$00000004)
    _main_clock                              0x080001b5   Thumb Code     0  entry7b.o(.ARM.Collect$$$$00000008)
    _main_cpp_init                           0x080001b5   Thumb Code     0  entry8b.o(.ARM.Collect$$$$0000000A)
    _main_init                               0x080001b5   Thumb Code     0  entry9a.o(.ARM.Collect$$$$0000000B)
    __rt_final_cpp                           0x080001bd   Thumb Code     0  entry10a.o(.ARM.Collect$$$$0000000D)
    __rt_final_exit                          0x080001bd   Thumb Code     0  entry11a.o(.ARM.Collect$$$$0000000F)
    Reset_Handler                            0x080001c1   Thumb Code     8  startup_stm32l496xx.o(.text)
    ADC1_2_IRQHandler                        0x080001db   Thumb Code     0  startup_stm32l496xx.o(.text)
    ADC3_IRQHandler                          0x080001db   Thumb Code     0  startup_stm32l496xx.o(.text)
    CAN1_RX0_IRQHandler                      0x080001db   Thumb Code     0  startup_stm32l496xx.o(.text)
    CAN1_RX1_IRQHandler                      0x080001db   Thumb Code     0  startup_stm32l496xx.o(.text)
    CAN1_SCE_IRQHandler                      0x080001db   Thumb Code     0  startup_stm32l496xx.o(.text)
    CAN1_TX_IRQHandler                       0x080001db   Thumb Code     0  startup_stm32l496xx.o(.text)
    CAN2_RX0_IRQHandler                      0x080001db   Thumb Code     0  startup_stm32l496xx.o(.text)
    CAN2_RX1_IRQHandler                      0x080001db   Thumb Code     0  startup_stm32l496xx.o(.text)
    CAN2_SCE_IRQHandler                      0x080001db   Thumb Code     0  startup_stm32l496xx.o(.text)
    CAN2_TX_IRQHandler                       0x080001db   Thumb Code     0  startup_stm32l496xx.o(.text)
    COMP_IRQHandler                          0x080001db   Thumb Code     0  startup_stm32l496xx.o(.text)
    CRS_IRQHandler                           0x080001db   Thumb Code     0  startup_stm32l496xx.o(.text)
    DCMI_IRQHandler                          0x080001db   Thumb Code     0  startup_stm32l496xx.o(.text)
    DFSDM1_FLT0_IRQHandler                   0x080001db   Thumb Code     0  startup_stm32l496xx.o(.text)
    DFSDM1_FLT1_IRQHandler                   0x080001db   Thumb Code     0  startup_stm32l496xx.o(.text)
    DFSDM1_FLT2_IRQHandler                   0x080001db   Thumb Code     0  startup_stm32l496xx.o(.text)
    DFSDM1_FLT3_IRQHandler                   0x080001db   Thumb Code     0  startup_stm32l496xx.o(.text)
    DMA1_Channel2_IRQHandler                 0x080001db   Thumb Code     0  startup_stm32l496xx.o(.text)
    DMA1_Channel4_IRQHandler                 0x080001db   Thumb Code     0  startup_stm32l496xx.o(.text)
    DMA1_Channel5_IRQHandler                 0x080001db   Thumb Code     0  startup_stm32l496xx.o(.text)
    DMA1_Channel6_IRQHandler                 0x080001db   Thumb Code     0  startup_stm32l496xx.o(.text)
    DMA1_Channel7_IRQHandler                 0x080001db   Thumb Code     0  startup_stm32l496xx.o(.text)
    DMA2D_IRQHandler                         0x080001db   Thumb Code     0  startup_stm32l496xx.o(.text)
    DMA2_Channel1_IRQHandler                 0x080001db   Thumb Code     0  startup_stm32l496xx.o(.text)
    DMA2_Channel2_IRQHandler                 0x080001db   Thumb Code     0  startup_stm32l496xx.o(.text)
    DMA2_Channel3_IRQHandler                 0x080001db   Thumb Code     0  startup_stm32l496xx.o(.text)
    DMA2_Channel4_IRQHandler                 0x080001db   Thumb Code     0  startup_stm32l496xx.o(.text)
    DMA2_Channel5_IRQHandler                 0x080001db   Thumb Code     0  startup_stm32l496xx.o(.text)
    DMA2_Channel6_IRQHandler                 0x080001db   Thumb Code     0  startup_stm32l496xx.o(.text)
    DMA2_Channel7_IRQHandler                 0x080001db   Thumb Code     0  startup_stm32l496xx.o(.text)
    EXTI0_IRQHandler                         0x080001db   Thumb Code     0  startup_stm32l496xx.o(.text)
    EXTI15_10_IRQHandler                     0x080001db   Thumb Code     0  startup_stm32l496xx.o(.text)
    EXTI1_IRQHandler                         0x080001db   Thumb Code     0  startup_stm32l496xx.o(.text)
    EXTI2_IRQHandler                         0x080001db   Thumb Code     0  startup_stm32l496xx.o(.text)
    EXTI3_IRQHandler                         0x080001db   Thumb Code     0  startup_stm32l496xx.o(.text)
    EXTI4_IRQHandler                         0x080001db   Thumb Code     0  startup_stm32l496xx.o(.text)
    EXTI9_5_IRQHandler                       0x080001db   Thumb Code     0  startup_stm32l496xx.o(.text)
    FLASH_IRQHandler                         0x080001db   Thumb Code     0  startup_stm32l496xx.o(.text)
    FMC_IRQHandler                           0x080001db   Thumb Code     0  startup_stm32l496xx.o(.text)
    FPU_IRQHandler                           0x080001db   Thumb Code     0  startup_stm32l496xx.o(.text)
    I2C1_ER_IRQHandler                       0x080001db   Thumb Code     0  startup_stm32l496xx.o(.text)
    I2C1_EV_IRQHandler                       0x080001db   Thumb Code     0  startup_stm32l496xx.o(.text)
    I2C2_ER_IRQHandler                       0x080001db   Thumb Code     0  startup_stm32l496xx.o(.text)
    I2C2_EV_IRQHandler                       0x080001db   Thumb Code     0  startup_stm32l496xx.o(.text)
    I2C3_ER_IRQHandler                       0x080001db   Thumb Code     0  startup_stm32l496xx.o(.text)
    I2C3_EV_IRQHandler                       0x080001db   Thumb Code     0  startup_stm32l496xx.o(.text)
    I2C4_ER_IRQHandler                       0x080001db   Thumb Code     0  startup_stm32l496xx.o(.text)
    I2C4_EV_IRQHandler                       0x080001db   Thumb Code     0  startup_stm32l496xx.o(.text)
    LCD_IRQHandler                           0x080001db   Thumb Code     0  startup_stm32l496xx.o(.text)
    LPTIM1_IRQHandler                        0x080001db   Thumb Code     0  startup_stm32l496xx.o(.text)
    LPTIM2_IRQHandler                        0x080001db   Thumb Code     0  startup_stm32l496xx.o(.text)
    LPUART1_IRQHandler                       0x080001db   Thumb Code     0  startup_stm32l496xx.o(.text)
    OTG_FS_IRQHandler                        0x080001db   Thumb Code     0  startup_stm32l496xx.o(.text)
    PVD_PVM_IRQHandler                       0x080001db   Thumb Code     0  startup_stm32l496xx.o(.text)
    QUADSPI_IRQHandler                       0x080001db   Thumb Code     0  startup_stm32l496xx.o(.text)
    RCC_IRQHandler                           0x080001db   Thumb Code     0  startup_stm32l496xx.o(.text)
    RNG_IRQHandler                           0x080001db   Thumb Code     0  startup_stm32l496xx.o(.text)
    RTC_Alarm_IRQHandler                     0x080001db   Thumb Code     0  startup_stm32l496xx.o(.text)
    RTC_WKUP_IRQHandler                      0x080001db   Thumb Code     0  startup_stm32l496xx.o(.text)
    SAI1_IRQHandler                          0x080001db   Thumb Code     0  startup_stm32l496xx.o(.text)
    SAI2_IRQHandler                          0x080001db   Thumb Code     0  startup_stm32l496xx.o(.text)
    SDMMC1_IRQHandler                        0x080001db   Thumb Code     0  startup_stm32l496xx.o(.text)
    SPI1_IRQHandler                          0x080001db   Thumb Code     0  startup_stm32l496xx.o(.text)
    SPI2_IRQHandler                          0x080001db   Thumb Code     0  startup_stm32l496xx.o(.text)
    SPI3_IRQHandler                          0x080001db   Thumb Code     0  startup_stm32l496xx.o(.text)
    SWPMI1_IRQHandler                        0x080001db   Thumb Code     0  startup_stm32l496xx.o(.text)
    TAMP_STAMP_IRQHandler                    0x080001db   Thumb Code     0  startup_stm32l496xx.o(.text)
    TIM1_BRK_TIM15_IRQHandler                0x080001db   Thumb Code     0  startup_stm32l496xx.o(.text)
    TIM1_CC_IRQHandler                       0x080001db   Thumb Code     0  startup_stm32l496xx.o(.text)
    TIM1_TRG_COM_TIM17_IRQHandler            0x080001db   Thumb Code     0  startup_stm32l496xx.o(.text)
    TIM1_UP_TIM16_IRQHandler                 0x080001db   Thumb Code     0  startup_stm32l496xx.o(.text)
    TIM2_IRQHandler                          0x080001db   Thumb Code     0  startup_stm32l496xx.o(.text)
    TIM3_IRQHandler                          0x080001db   Thumb Code     0  startup_stm32l496xx.o(.text)
    TIM4_IRQHandler                          0x080001db   Thumb Code     0  startup_stm32l496xx.o(.text)
    TIM5_IRQHandler                          0x080001db   Thumb Code     0  startup_stm32l496xx.o(.text)
    TIM8_BRK_IRQHandler                      0x080001db   Thumb Code     0  startup_stm32l496xx.o(.text)
    TIM8_CC_IRQHandler                       0x080001db   Thumb Code     0  startup_stm32l496xx.o(.text)
    TIM8_TRG_COM_IRQHandler                  0x080001db   Thumb Code     0  startup_stm32l496xx.o(.text)
    TIM8_UP_IRQHandler                       0x080001db   Thumb Code     0  startup_stm32l496xx.o(.text)
    TSC_IRQHandler                           0x080001db   Thumb Code     0  startup_stm32l496xx.o(.text)
    UART4_IRQHandler                         0x080001db   Thumb Code     0  startup_stm32l496xx.o(.text)
    UART5_IRQHandler                         0x080001db   Thumb Code     0  startup_stm32l496xx.o(.text)
    USART1_IRQHandler                        0x080001db   Thumb Code     0  startup_stm32l496xx.o(.text)
    USART2_IRQHandler                        0x080001db   Thumb Code     0  startup_stm32l496xx.o(.text)
    WWDG_IRQHandler                          0x080001db   Thumb Code     0  startup_stm32l496xx.o(.text)
    __aeabi_uldivmod                         0x080001e5   Thumb Code    98  uldiv.o(.text)
    __aeabi_memcpy                           0x0800024d   Thumb Code    36  memcpya.o(.text)
    __aeabi_memcpy4                          0x0800024d   Thumb Code     0  memcpya.o(.text)
    __aeabi_memcpy8                          0x0800024d   Thumb Code     0  memcpya.o(.text)
    __aeabi_memset                           0x08000271   Thumb Code    14  memseta.o(.text)
    __aeabi_memset4                          0x08000271   Thumb Code     0  memseta.o(.text)
    __aeabi_memset8                          0x08000271   Thumb Code     0  memseta.o(.text)
    __aeabi_memclr                           0x0800027f   Thumb Code     4  memseta.o(.text)
    __aeabi_memclr4                          0x0800027f   Thumb Code     0  memseta.o(.text)
    __aeabi_memclr8                          0x0800027f   Thumb Code     0  memseta.o(.text)
    _memset$wrapper                          0x08000283   Thumb Code    18  memseta.o(.text)
    __aeabi_llsl                             0x08000295   Thumb Code    30  llshl.o(.text)
    _ll_shift_l                              0x08000295   Thumb Code     0  llshl.o(.text)
    __aeabi_llsr                             0x080002b3   Thumb Code    32  llushr.o(.text)
    _ll_ushift_r                             0x080002b3   Thumb Code     0  llushr.o(.text)
    __scatterload                            0x080002d5   Thumb Code    28  init.o(.text)
    __scatterload_rt2                        0x080002d5   Thumb Code     0  init.o(.text)
    ADC_DMAConvCplt                          0x080002f9   Thumb Code   114  stm32l4xx_hal_adc.o(i.ADC_DMAConvCplt)
    ADC_DMAError                             0x0800036b   Thumb Code    26  stm32l4xx_hal_adc.o(i.ADC_DMAError)
    ADC_DMAHalfConvCplt                      0x08000385   Thumb Code    10  stm32l4xx_hal_adc.o(i.ADC_DMAHalfConvCplt)
    ADC_Enable                               0x0800038f   Thumb Code   110  stm32l4xx_hal_adc.o(i.ADC_Enable)
    BusFault_Handler                         0x080003fd   Thumb Code     2  stm32l4xx_it.o(i.BusFault_Handler)
    DMA1_Channel1_IRQHandler                 0x08000401   Thumb Code     6  stm32l4xx_it.o(i.DMA1_Channel1_IRQHandler)
    DMA1_Channel3_IRQHandler                 0x0800040d   Thumb Code     6  stm32l4xx_it.o(i.DMA1_Channel3_IRQHandler)
    DebugMon_Handler                         0x08000419   Thumb Code     2  stm32l4xx_it.o(i.DebugMon_Handler)
    Error_Handler                            0x0800041b   Thumb Code     2  main.o(i.Error_Handler)
    HAL_ADCEx_MultiModeConfigChannel         0x0800041d   Thumb Code   266  stm32l4xx_hal_adc_ex.o(i.HAL_ADCEx_MultiModeConfigChannel)
    HAL_ADC_ConfigChannel                    0x08000531   Thumb Code  1444  stm32l4xx_hal_adc.o(i.HAL_ADC_ConfigChannel)
    HAL_ADC_ConvCpltCallback                 0x08000af1   Thumb Code     2  stm32l4xx_hal_adc.o(i.HAL_ADC_ConvCpltCallback)
    HAL_ADC_ConvHalfCpltCallback             0x08000af3   Thumb Code     2  stm32l4xx_hal_adc.o(i.HAL_ADC_ConvHalfCpltCallback)
    HAL_ADC_ErrorCallback                    0x08000af5   Thumb Code     2  stm32l4xx_hal_adc.o(i.HAL_ADC_ErrorCallback)
    HAL_ADC_Init                             0x08000af9   Thumb Code   654  stm32l4xx_hal_adc.o(i.HAL_ADC_Init)
    HAL_ADC_MspInit                          0x08000da1   Thumb Code    86  adc.o(i.HAL_ADC_MspInit)
    HAL_ADC_Start_DMA                        0x08000e05   Thumb Code   264  stm32l4xx_hal_adc.o(i.HAL_ADC_Start_DMA)
    HAL_DMA_Abort_IT                         0x08000f25   Thumb Code    76  stm32l4xx_hal_dma.o(i.HAL_DMA_Abort_IT)
    HAL_DMA_IRQHandler                       0x08000f71   Thumb Code   204  stm32l4xx_hal_dma.o(i.HAL_DMA_IRQHandler)
    HAL_DMA_Init                             0x0800103d   Thumb Code   228  stm32l4xx_hal_dma.o(i.HAL_DMA_Init)
    HAL_DMA_Start_IT                         0x0800113d   Thumb Code   150  stm32l4xx_hal_dma.o(i.HAL_DMA_Start_IT)
    HAL_Delay                                0x080011d3   Thumb Code    30  stm32l4xx_hal.o(i.HAL_Delay)
    HAL_GPIO_Init                            0x080011f1   Thumb Code   560  stm32l4xx_hal_gpio.o(i.HAL_GPIO_Init)
    HAL_GPIO_ReadPin                         0x0800143b   Thumb Code    10  stm32l4xx_hal_gpio.o(i.HAL_GPIO_ReadPin)
    HAL_GPIO_WritePin                        0x08001445   Thumb Code    10  stm32l4xx_hal_gpio.o(i.HAL_GPIO_WritePin)
    HAL_GetTick                              0x08001451   Thumb Code     6  stm32l4xx_hal.o(i.HAL_GetTick)
    HAL_I2CEx_EnableFastModePlus             0x0800145d   Thumb Code    32  stm32l4xx_hal_i2c_ex.o(i.HAL_I2CEx_EnableFastModePlus)
    HAL_IncTick                              0x08001485   Thumb Code    10  stm32l4xx_hal.o(i.HAL_IncTick)
    HAL_Init                                 0x08001495   Thumb Code    22  stm32l4xx_hal.o(i.HAL_Init)
    HAL_InitTick                             0x080014ad   Thumb Code    34  stm32l4xx_hal.o(i.HAL_InitTick)
    HAL_MspInit                              0x080014d5   Thumb Code   122  stm32l4xx_hal_msp.o(i.HAL_MspInit)
    HAL_NVIC_EnableIRQ                       0x08001555   Thumb Code    24  stm32l4xx_hal_cortex.o(i.HAL_NVIC_EnableIRQ)
    HAL_NVIC_SetPriority                     0x0800156d   Thumb Code    96  stm32l4xx_hal_cortex.o(i.HAL_NVIC_SetPriority)
    HAL_NVIC_SetPriorityGrouping             0x080015d1   Thumb Code    30  stm32l4xx_hal_cortex.o(i.HAL_NVIC_SetPriorityGrouping)
    HAL_NVIC_SystemReset                     0x080015f5   Thumb Code    26  stm32l4xx_hal_cortex.o(i.HAL_NVIC_SystemReset)
    HAL_PWREx_ControlVoltageScaling          0x08001619   Thumb Code    96  stm32l4xx_hal_pwr_ex.o(i.HAL_PWREx_ControlVoltageScaling)
    HAL_PWREx_EnableVddIO2                   0x08001685   Thumb Code    12  stm32l4xx_hal_pwr_ex.o(i.HAL_PWREx_EnableVddIO2)
    HAL_PWREx_GetVoltageRange                0x08001695   Thumb Code    10  stm32l4xx_hal_pwr_ex.o(i.HAL_PWREx_GetVoltageRange)
    HAL_RCCEx_PeriphCLKConfig                0x080016a5   Thumb Code  1060  stm32l4xx_hal_rcc_ex.o(i.HAL_RCCEx_PeriphCLKConfig)
    HAL_RCC_ClockConfig                      0x08001ad1   Thumb Code   406  stm32l4xx_hal_rcc.o(i.HAL_RCC_ClockConfig)
    HAL_RCC_GetHCLKFreq                      0x08001c79   Thumb Code     6  stm32l4xx_hal_rcc.o(i.HAL_RCC_GetHCLKFreq)
    HAL_RCC_GetPCLK1Freq                     0x08001c85   Thumb Code    34  stm32l4xx_hal_rcc.o(i.HAL_RCC_GetPCLK1Freq)
    HAL_RCC_GetPCLK2Freq                     0x08001cb5   Thumb Code    34  stm32l4xx_hal_rcc.o(i.HAL_RCC_GetPCLK2Freq)
    HAL_RCC_GetSysClockFreq                  0x08001ce5   Thumb Code   288  stm32l4xx_hal_rcc.o(i.HAL_RCC_GetSysClockFreq)
    HAL_RCC_OscConfig                        0x08001e11   Thumb Code  1698  stm32l4xx_hal_rcc.o(i.HAL_RCC_OscConfig)
    HAL_SPI_ErrorCallback                    0x080024bd   Thumb Code     2  stm32l4xx_hal_spi.o(i.HAL_SPI_ErrorCallback)
    HAL_SPI_Init                             0x080024bf   Thumb Code   180  stm32l4xx_hal_spi.o(i.HAL_SPI_Init)
    HAL_SPI_MspInit                          0x08002575   Thumb Code   120  spi.o(i.HAL_SPI_MspInit)
    HAL_SPI_Transmit_DMA                     0x080025f9   Thumb Code   252  stm32l4xx_hal_spi.o(i.HAL_SPI_Transmit_DMA)
    HAL_SPI_TxCpltCallback                   0x08002701   Thumb Code     2  stm32l4xx_hal_spi.o(i.HAL_SPI_TxCpltCallback)
    HAL_SPI_TxHalfCpltCallback               0x08002703   Thumb Code     2  stm32l4xx_hal_spi.o(i.HAL_SPI_TxHalfCpltCallback)
    HAL_SYSTICK_CLKSourceConfig              0x08002705   Thumb Code    22  stm32l4xx_hal_cortex.o(i.HAL_SYSTICK_CLKSourceConfig)
    HAL_SYSTICK_Callback                     0x0800271b   Thumb Code     2  stm32l4xx_hal_cortex.o(i.HAL_SYSTICK_Callback)
    HAL_SYSTICK_Config                       0x0800271d   Thumb Code    38  stm32l4xx_hal_cortex.o(i.HAL_SYSTICK_Config)
    HAL_SYSTICK_IRQHandler                   0x08002749   Thumb Code     8  stm32l4xx_hal_cortex.o(i.HAL_SYSTICK_IRQHandler)
    HAL_TIMEx_BreakCallback                  0x08002751   Thumb Code     2  stm32l4xx_hal_tim_ex.o(i.HAL_TIMEx_BreakCallback)
    HAL_TIMEx_CommutationCallback            0x08002753   Thumb Code     2  stm32l4xx_hal_tim_ex.o(i.HAL_TIMEx_CommutationCallback)
    HAL_TIMEx_MasterConfigSynchronization    0x08002755   Thumb Code    92  stm32l4xx_hal_tim_ex.o(i.HAL_TIMEx_MasterConfigSynchronization)
    HAL_TIM_Base_Init                        0x080027b1   Thumb Code    54  stm32l4xx_hal_tim.o(i.HAL_TIM_Base_Init)
    HAL_TIM_Base_MspInit                     0x080027e9   Thumb Code   100  tim.o(i.HAL_TIM_Base_MspInit)
    HAL_TIM_Base_Start_IT                    0x08002851   Thumb Code    24  stm32l4xx_hal_tim.o(i.HAL_TIM_Base_Start_IT)
    HAL_TIM_IC_CaptureCallback               0x08002869   Thumb Code     2  stm32l4xx_hal_tim.o(i.HAL_TIM_IC_CaptureCallback)
    HAL_TIM_IRQHandler                       0x0800286b   Thumb Code   364  stm32l4xx_hal_tim.o(i.HAL_TIM_IRQHandler)
    HAL_TIM_OC_DelayElapsedCallback          0x080029d7   Thumb Code     2  stm32l4xx_hal_tim.o(i.HAL_TIM_OC_DelayElapsedCallback)
    HAL_TIM_PWM_PulseFinishedCallback        0x080029d9   Thumb Code     2  stm32l4xx_hal_tim.o(i.HAL_TIM_PWM_PulseFinishedCallback)
    HAL_TIM_PeriodElapsedCallback            0x080029dd   Thumb Code    38  gizwits_product.o(i.HAL_TIM_PeriodElapsedCallback)
    HAL_TIM_TriggerCallback                  0x08002a0d   Thumb Code     2  stm32l4xx_hal_tim.o(i.HAL_TIM_TriggerCallback)
    HAL_UARTEx_WakeupCallback                0x08002a0f   Thumb Code     2  stm32l4xx_hal_uart_ex.o(i.HAL_UARTEx_WakeupCallback)
    HAL_UART_ErrorCallback                   0x08002a11   Thumb Code     2  stm32l4xx_hal_uart.o(i.HAL_UART_ErrorCallback)
    HAL_UART_IRQHandler                      0x08002a15   Thumb Code   716  stm32l4xx_hal_uart.o(i.HAL_UART_IRQHandler)
    HAL_UART_Init                            0x08002ce5   Thumb Code   110  stm32l4xx_hal_uart.o(i.HAL_UART_Init)
    HAL_UART_MspInit                         0x08002d55   Thumb Code   144  usart.o(i.HAL_UART_MspInit)
    HAL_UART_Receive_IT                      0x08002df1   Thumb Code   150  stm32l4xx_hal_uart.o(i.HAL_UART_Receive_IT)
    HAL_UART_RxCpltCallback                  0x08002e89   Thumb Code    38  gizwits_product.o(i.HAL_UART_RxCpltCallback)
    HAL_UART_Transmit                        0x08002eb9   Thumb Code   276  stm32l4xx_hal_uart.o(i.HAL_UART_Transmit)
    HAL_UART_TxCpltCallback                  0x08002fd3   Thumb Code     2  stm32l4xx_hal_uart.o(i.HAL_UART_TxCpltCallback)
    HardFault_Handler                        0x08002fd5   Thumb Code     2  stm32l4xx_it.o(i.HardFault_Handler)
    MX_ADC1_Init                             0x08002fd9   Thumb Code   112  adc.o(i.MX_ADC1_Init)
    MX_DMA_Init                              0x08003051   Thumb Code    56  dma.o(i.MX_DMA_Init)
    MX_GPIO_Init                             0x0800308d   Thumb Code   402  gpio.o(i.MX_GPIO_Init)
    MX_LPUART1_UART_Init                     0x08003241   Thumb Code    50  usart.o(i.MX_LPUART1_UART_Init)
    MX_SPI1_Init                             0x0800327d   Thumb Code    70  spi.o(i.MX_SPI1_Init)
    MX_TIM6_Init                             0x080032cd   Thumb Code    60  tim.o(i.MX_TIM6_Init)
    MX_TIM7_Init                             0x08003311   Thumb Code    60  tim.o(i.MX_TIM7_Init)
    MX_USART3_UART_Init                      0x08003355   Thumb Code    52  usart.o(i.MX_USART3_UART_Init)
    MemManage_Handler                        0x08003391   Thumb Code     2  stm32l4xx_it.o(i.MemManage_Handler)
    NMI_Handler                              0x08003393   Thumb Code     2  stm32l4xx_it.o(i.NMI_Handler)
    PendSV_Handler                           0x08003395   Thumb Code     2  stm32l4xx_it.o(i.PendSV_Handler)
    SVC_Handler                              0x080038a3   Thumb Code     2  stm32l4xx_it.o(i.SVC_Handler)
    Send_2811_24bits                         0x080038a5   Thumb Code   144  adafruit_neopixel.o(i.Send_2811_24bits)
    SysTick_Handler                          0x08003941   Thumb Code    14  stm32l4xx_it.o(i.SysTick_Handler)
    SystemInit                               0x08003951   Thumb Code    58  system_stm32l4xx.o(i.SystemInit)
    TIM6_DAC_IRQHandler                      0x08003999   Thumb Code     6  stm32l4xx_it.o(i.TIM6_DAC_IRQHandler)
    TIM7_IRQHandler                          0x080039a5   Thumb Code     6  stm32l4xx_it.o(i.TIM7_IRQHandler)
    TIM_Base_SetConfig                       0x080039b1   Thumb Code   154  stm32l4xx_hal_tim.o(i.TIM_Base_SetConfig)
    UART_AdvFeatureConfig                    0x08003a6d   Thumb Code   218  stm32l4xx_hal_uart.o(i.UART_AdvFeatureConfig)
    UART_CheckIdleState                      0x08003b47   Thumb Code    96  stm32l4xx_hal_uart.o(i.UART_CheckIdleState)
    UART_SetConfig                           0x08003bbd   Thumb Code   788  stm32l4xx_hal_uart.o(i.UART_SetConfig)
    UART_WaitOnFlagUntilTimeout              0x08003eed   Thumb Code   118  stm32l4xx_hal_uart.o(i.UART_WaitOnFlagUntilTimeout)
    USART3_IRQHandler                        0x08003f65   Thumb Code     6  stm32l4xx_it.o(i.USART3_IRQHandler)
    UsageFault_Handler                       0x08003f71   Thumb Code     2  stm32l4xx_it.o(i.UsageFault_Handler)
    WS2812B_Init                             0x08003f75   Thumb Code    78  adafruit_neopixel.o(i.WS2812B_Init)
    __0printf$8                              0x08003fc9   Thumb Code    22  printf8.o(i.__0printf$8)
    __1printf$8                              0x08003fc9   Thumb Code     0  printf8.o(i.__0printf$8)
    __2printf                                0x08003fc9   Thumb Code     0  printf8.o(i.__0printf$8)
    __ARM_common_memclr4_8                   0x08003fe9   Thumb Code     8  gizwits_protocol.o(i.__ARM_common_memclr4_8)
    __scatterload_copy                       0x08003ff1   Thumb Code    14  handlers.o(i.__scatterload_copy)
    __scatterload_null                       0x08003fff   Thumb Code     2  handlers.o(i.__scatterload_null)
    __scatterload_zeroinit                   0x08004001   Thumb Code    14  handlers.o(i.__scatterload_zeroinit)
    fputc                                    0x08004479   Thumb Code    22  usart.o(i.fputc)
    gizGetTimerCount                         0x080046f9   Thumb Code     6  gizwits_product.o(i.gizGetTimerCount)
    gizPutData                               0x08004c21   Thumb Code    46  gizwits_protocol.o(i.gizPutData)
    gizwitsEventProcess                      0x08004c95   Thumb Code   370  gizwits_product.o(i.gizwitsEventProcess)
    gizwitsHandle                            0x08004ed5   Thumb Code  3442  gizwits_protocol.o(i.gizwitsHandle)
    gizwitsInit                              0x08005c6d   Thumb Code    26  gizwits_protocol.o(i.gizwitsInit)
    gizwitsSetMode                           0x08005c8d   Thumb Code   456  gizwits_protocol.o(i.gizwitsSetMode)
    key1LongPress                            0x08005e99   Thumb Code    18  main.o(i.key1LongPress)
    key1ShortPress                           0x08005ecd   Thumb Code    18  main.o(i.key1ShortPress)
    key2LongPress                            0x08005f01   Thumb Code    28  main.o(i.key2LongPress)
    key2ShortPress                           0x08005f41   Thumb Code    28  main.o(i.key2ShortPress)
    keyHandle                                0x08005f7d   Thumb Code   144  hal_key.o(i.keyHandle)
    keyInitOne                               0x0800600d   Thumb Code    66  hal_key.o(i.keyInitOne)
    keyParaInit                              0x08006055   Thumb Code    22  hal_key.o(i.keyParaInit)
    main                                     0x08006071   Thumb Code   448  main.o(i.main)
    mcuRestart                               0x08006279   Thumb Code    10  gizwits_product.o(i.mcuRestart)
    readKeyValue                             0x08006441   Thumb Code   254  hal_key.o(i.readKeyValue)
    setAllPixelColor                         0x08006551   Thumb Code    88  adafruit_neopixel.o(i.setAllPixelColor)
    timerInit                                0x080065b1   Thumb Code    18  gizwits_product.o(i.timerInit)
    uartInit                                 0x080065cd   Thumb Code    10  gizwits_product.o(i.uartInit)
    uartWrite                                0x080065e1   Thumb Code   106  gizwits_product.o(i.uartWrite)
    AHBPrescTable                            0x08006678   Data          16  system_stm32l4xx.o(.constdata)
    MSIRangeTable                            0x08006688   Data          48  system_stm32l4xx.o(.constdata)
    APBPrescTable                            0x080066b8   Data           8  system_stm32l4xx.o(.constdata)
    Region$$Table$$Base                      0x08006704   Number         0  anon$$obj.o(Region$$Table)
    Region$$Table$$Limit                     0x08006724   Number         0  anon$$obj.o(Region$$Table)
    ConvertedValue                           0x20000000   Data           4  main.o(.data)
    JTemp                                    0x20000004   Data           4  main.o(.data)
    keys                                     0x2000000c   Data           5  main.o(.data)
    RxData                                   0x20000014   Data           1  gizwits_product.o(.data)
    rBuffer                                  0x2000002a   Data           7  adafruit_neopixel.o(.data)
    gBuffer                                  0x20000031   Data           7  adafruit_neopixel.o(.data)
    bBuffer                                  0x20000038   Data           7  adafruit_neopixel.o(.data)
    keyCountTime                             0x20000044   Data           1  hal_key.o(.data)
    uwTick                                   0x2000004c   Data           4  stm32l4xx_hal.o(.data)
    SystemCoreClock                          0x20000050   Data           4  system_stm32l4xx.o(.data)
    __stdout                                 0x20000054   Data           4  stdout.o(.data)
    hspi1                                    0x20000058   Data         100  spi.o(.bss)
    hdma_spi1_tx                             0x200000bc   Data          72  spi.o(.bss)
    hadc1                                    0x20000104   Data         108  adc.o(.bss)
    hdma_adc1                                0x20000170   Data          72  adc.o(.bss)
    hlpuart1                                 0x200001b8   Data         112  usart.o(.bss)
    huart3                                   0x20000228   Data         112  usart.o(.bss)
    currentDataPoint                         0x20000298   Data          22  main.o(.bss)
    singleKey                                0x200002ae   Data          34  main.o(.bss)
    htim6                                    0x200002d0   Data          60  tim.o(.bss)
    htim7                                    0x2000030c   Data          60  tim.o(.bss)
    gizwitsProtocol                          0x20000348   Data         196  gizwits_protocol.o(.bss)
    pRb                                      0x2000040c   Data          16  gizwits_protocol.o(.bss)
    __initial_sp                             0x20002940   Data           0  startup_stm32l496xx.o(STACK)



==============================================================================

Memory Map of the image

  Image Entry point : 0x080001ad

  Load Region LR_IROM1 (Base: 0x08000000, Size: 0x0000677c, Max: 0x00100000, ABSOLUTE)

    Execution Region ER_IROM1 (Base: 0x08000000, Size: 0x00006724, Max: 0x00100000, ABSOLUTE)

    Base Addr    Size         Type   Attr      Idx    E Section Name        Object

    0x08000000   0x000001ac   Data   RO         4649    RESET               startup_stm32l496xx.o
    0x080001ac   0x00000000   Code   RO         4654  * .ARM.Collect$$$$00000000  mc_w.l(entry.o)
    0x080001ac   0x00000004   Code   RO         4926    .ARM.Collect$$$$00000001  mc_w.l(entry2.o)
    0x080001b0   0x00000004   Code   RO         4929    .ARM.Collect$$$$00000004  mc_w.l(entry5.o)
    0x080001b4   0x00000000   Code   RO         4931    .ARM.Collect$$$$00000008  mc_w.l(entry7b.o)
    0x080001b4   0x00000000   Code   RO         4933    .ARM.Collect$$$$0000000A  mc_w.l(entry8b.o)
    0x080001b4   0x00000008   Code   RO         4934    .ARM.Collect$$$$0000000B  mc_w.l(entry9a.o)
    0x080001bc   0x00000000   Code   RO         4936    .ARM.Collect$$$$0000000D  mc_w.l(entry10a.o)
    0x080001bc   0x00000000   Code   RO         4938    .ARM.Collect$$$$0000000F  mc_w.l(entry11a.o)
    0x080001bc   0x00000004   Code   RO         4927    .ARM.Collect$$$$00002712  mc_w.l(entry2.o)
    0x080001c0   0x00000024   Code   RO         4650    .text               startup_stm32l496xx.o
    0x080001e4   0x00000068   Code   RO         4657    .text               mc_w.l(uldiv.o)
    0x0800024c   0x00000024   Code   RO         4659    .text               mc_w.l(memcpya.o)
    0x08000270   0x00000024   Code   RO         4661    .text               mc_w.l(memseta.o)
    0x08000294   0x0000001e   Code   RO         4943    .text               mc_w.l(llshl.o)
    0x080002b2   0x00000020   Code   RO         4945    .text               mc_w.l(llushr.o)
    0x080002d2   0x00000002   PAD
    0x080002d4   0x00000024   Code   RO         4958    .text               mc_w.l(init.o)
    0x080002f8   0x00000072   Code   RO          953    i.ADC_DMAConvCplt   stm32l4xx_hal_adc.o
    0x0800036a   0x0000001a   Code   RO          954    i.ADC_DMAError      stm32l4xx_hal_adc.o
    0x08000384   0x0000000a   Code   RO          955    i.ADC_DMAHalfConvCplt  stm32l4xx_hal_adc.o
    0x0800038e   0x0000006e   Code   RO          957    i.ADC_Enable        stm32l4xx_hal_adc.o
    0x080003fc   0x00000002   Code   RO          166    i.BusFault_Handler  stm32l4xx_it.o
    0x080003fe   0x00000002   PAD
    0x08000400   0x0000000c   Code   RO          167    i.DMA1_Channel1_IRQHandler  stm32l4xx_it.o
    0x0800040c   0x0000000c   Code   RO          168    i.DMA1_Channel3_IRQHandler  stm32l4xx_it.o
    0x08000418   0x00000002   Code   RO          169    i.DebugMon_Handler  stm32l4xx_it.o
    0x0800041a   0x00000002   Code   RO          440    i.Error_Handler     main.o
    0x0800041c   0x00000114   Code   RO         1403    i.HAL_ADCEx_MultiModeConfigChannel  stm32l4xx_hal_adc_ex.o
    0x08000530   0x000005c0   Code   RO          959    i.HAL_ADC_ConfigChannel  stm32l4xx_hal_adc.o
    0x08000af0   0x00000002   Code   RO          960    i.HAL_ADC_ConvCpltCallback  stm32l4xx_hal_adc.o
    0x08000af2   0x00000002   Code   RO          961    i.HAL_ADC_ConvHalfCpltCallback  stm32l4xx_hal_adc.o
    0x08000af4   0x00000002   Code   RO          963    i.HAL_ADC_ErrorCallback  stm32l4xx_hal_adc.o
    0x08000af6   0x00000002   PAD
    0x08000af8   0x000002a8   Code   RO          968    i.HAL_ADC_Init      stm32l4xx_hal_adc.o
    0x08000da0   0x00000064   Code   RO          321    i.HAL_ADC_MspInit   adc.o
    0x08000e04   0x00000120   Code   RO          975    i.HAL_ADC_Start_DMA  stm32l4xx_hal_adc.o
    0x08000f24   0x0000004c   Code   RO         1926    i.HAL_DMA_Abort_IT  stm32l4xx_hal_dma.o
    0x08000f70   0x000000cc   Code   RO         1930    i.HAL_DMA_IRQHandler  stm32l4xx_hal_dma.o
    0x0800103c   0x00000100   Code   RO         1931    i.HAL_DMA_Init      stm32l4xx_hal_dma.o
    0x0800113c   0x00000096   Code   RO         1935    i.HAL_DMA_Start_IT  stm32l4xx_hal_dma.o
    0x080011d2   0x0000001e   Code   RO         4346    i.HAL_Delay         stm32l4xx_hal.o
    0x080011f0   0x0000024a   Code   RO         4276    i.HAL_GPIO_Init     stm32l4xx_hal_gpio.o
    0x0800143a   0x0000000a   Code   RO         4278    i.HAL_GPIO_ReadPin  stm32l4xx_hal_gpio.o
    0x08001444   0x0000000a   Code   RO         4280    i.HAL_GPIO_WritePin  stm32l4xx_hal_gpio.o
    0x0800144e   0x00000002   PAD
    0x08001450   0x0000000c   Code   RO         4350    i.HAL_GetTick       stm32l4xx_hal.o
    0x0800145c   0x00000028   Code   RO         4538    i.HAL_I2CEx_EnableFastModePlus  stm32l4xx_hal_i2c_ex.o
    0x08001484   0x00000010   Code   RO         4351    i.HAL_IncTick       stm32l4xx_hal.o
    0x08001494   0x00000016   Code   RO         4352    i.HAL_Init          stm32l4xx_hal.o
    0x080014aa   0x00000002   PAD
    0x080014ac   0x00000028   Code   RO         4353    i.HAL_InitTick      stm32l4xx_hal.o
    0x080014d4   0x00000080   Code   RO          362    i.HAL_MspInit       stm32l4xx_hal_msp.o
    0x08001554   0x00000018   Code   RO         1567    i.HAL_NVIC_EnableIRQ  stm32l4xx_hal_cortex.o
    0x0800156c   0x00000064   Code   RO         1573    i.HAL_NVIC_SetPriority  stm32l4xx_hal_cortex.o
    0x080015d0   0x00000024   Code   RO         1574    i.HAL_NVIC_SetPriorityGrouping  stm32l4xx_hal_cortex.o
    0x080015f4   0x00000024   Code   RO         1575    i.HAL_NVIC_SystemReset  stm32l4xx_hal_cortex.o
    0x08001618   0x0000006c   Code   RO         1139    i.HAL_PWREx_ControlVoltageScaling  stm32l4xx_hal_pwr_ex.o
    0x08001684   0x00000010   Code   RO         1164    i.HAL_PWREx_EnableVddIO2  stm32l4xx_hal_pwr_ex.o
    0x08001694   0x00000010   Code   RO         1170    i.HAL_PWREx_GetVoltageRange  stm32l4xx_hal_pwr_ex.o
    0x080016a4   0x0000042a   Code   RO         1706    i.HAL_RCCEx_PeriphCLKConfig  stm32l4xx_hal_rcc_ex.o
    0x08001ace   0x00000002   PAD
    0x08001ad0   0x000001a8   Code   RO         3219    i.HAL_RCC_ClockConfig  stm32l4xx_hal_rcc.o
    0x08001c78   0x0000000c   Code   RO         3223    i.HAL_RCC_GetHCLKFreq  stm32l4xx_hal_rcc.o
    0x08001c84   0x00000030   Code   RO         3225    i.HAL_RCC_GetPCLK1Freq  stm32l4xx_hal_rcc.o
    0x08001cb4   0x00000030   Code   RO         3226    i.HAL_RCC_GetPCLK2Freq  stm32l4xx_hal_rcc.o
    0x08001ce4   0x0000012c   Code   RO         3227    i.HAL_RCC_GetSysClockFreq  stm32l4xx_hal_rcc.o
    0x08001e10   0x000006ac   Code   RO         3230    i.HAL_RCC_OscConfig  stm32l4xx_hal_rcc.o
    0x080024bc   0x00000002   Code   RO         2918    i.HAL_SPI_ErrorCallback  stm32l4xx_hal_spi.o
    0x080024be   0x000000b4   Code   RO         2922    i.HAL_SPI_Init      stm32l4xx_hal_spi.o
    0x08002572   0x00000002   PAD
    0x08002574   0x00000084   Code   RO            5    i.HAL_SPI_MspInit   spi.o
    0x080025f8   0x00000108   Code   RO         2934    i.HAL_SPI_Transmit_DMA  stm32l4xx_hal_spi.o
    0x08002700   0x00000002   Code   RO         2936    i.HAL_SPI_TxCpltCallback  stm32l4xx_hal_spi.o
    0x08002702   0x00000002   Code   RO         2937    i.HAL_SPI_TxHalfCpltCallback  stm32l4xx_hal_spi.o
    0x08002704   0x00000016   Code   RO         1576    i.HAL_SYSTICK_CLKSourceConfig  stm32l4xx_hal_cortex.o
    0x0800271a   0x00000002   Code   RO         1577    i.HAL_SYSTICK_Callback  stm32l4xx_hal_cortex.o
    0x0800271c   0x0000002c   Code   RO         1578    i.HAL_SYSTICK_Config  stm32l4xx_hal_cortex.o
    0x08002748   0x00000008   Code   RO         1579    i.HAL_SYSTICK_IRQHandler  stm32l4xx_hal_cortex.o
    0x08002750   0x00000002   Code   RO         4027    i.HAL_TIMEx_BreakCallback  stm32l4xx_hal_tim_ex.o
    0x08002752   0x00000002   Code   RO         4028    i.HAL_TIMEx_CommutationCallback  stm32l4xx_hal_tim_ex.o
    0x08002754   0x0000005c   Code   RO         4046    i.HAL_TIMEx_MasterConfigSynchronization  stm32l4xx_hal_tim_ex.o
    0x080027b0   0x00000036   Code   RO         2216    i.HAL_TIM_Base_Init  stm32l4xx_hal_tim.o
    0x080027e6   0x00000002   PAD
    0x080027e8   0x00000068   Code   RO          556    i.HAL_TIM_Base_MspInit  tim.o
    0x08002850   0x00000018   Code   RO         2221    i.HAL_TIM_Base_Start_IT  stm32l4xx_hal_tim.o
    0x08002868   0x00000002   Code   RO         2245    i.HAL_TIM_IC_CaptureCallback  stm32l4xx_hal_tim.o
    0x0800286a   0x0000016c   Code   RO         2258    i.HAL_TIM_IRQHandler  stm32l4xx_hal_tim.o
    0x080029d6   0x00000002   Code   RO         2261    i.HAL_TIM_OC_DelayElapsedCallback  stm32l4xx_hal_tim.o
    0x080029d8   0x00000002   Code   RO         2288    i.HAL_TIM_PWM_PulseFinishedCallback  stm32l4xx_hal_tim.o
    0x080029da   0x00000002   PAD
    0x080029dc   0x00000030   Code   RO          603    i.HAL_TIM_PeriodElapsedCallback  gizwits_product.o
    0x08002a0c   0x00000002   Code   RO         2299    i.HAL_TIM_TriggerCallback  stm32l4xx_hal_tim.o
    0x08002a0e   0x00000002   Code   RO         2134    i.HAL_UARTEx_WakeupCallback  stm32l4xx_hal_uart_ex.o
    0x08002a10   0x00000002   Code   RO         3724    i.HAL_UART_ErrorCallback  stm32l4xx_hal_uart.o
    0x08002a12   0x00000002   PAD
    0x08002a14   0x000002d0   Code   RO         3727    i.HAL_UART_IRQHandler  stm32l4xx_hal_uart.o
    0x08002ce4   0x0000006e   Code   RO         3728    i.HAL_UART_Init     stm32l4xx_hal_uart.o
    0x08002d52   0x00000002   PAD
    0x08002d54   0x0000009c   Code   RO          387    i.HAL_UART_MspInit  usart.o
    0x08002df0   0x00000096   Code   RO         3733    i.HAL_UART_Receive_IT  stm32l4xx_hal_uart.o
    0x08002e86   0x00000002   PAD
    0x08002e88   0x00000030   Code   RO          604    i.HAL_UART_RxCpltCallback  gizwits_product.o
    0x08002eb8   0x0000011a   Code   RO         3736    i.HAL_UART_Transmit  stm32l4xx_hal_uart.o
    0x08002fd2   0x00000002   Code   RO         3739    i.HAL_UART_TxCpltCallback  stm32l4xx_hal_uart.o
    0x08002fd4   0x00000002   Code   RO          170    i.HardFault_Handler  stm32l4xx_it.o
    0x08002fd6   0x00000002   PAD
    0x08002fd8   0x00000078   Code   RO          322    i.MX_ADC1_Init      adc.o
    0x08003050   0x0000003c   Code   RO          296    i.MX_DMA_Init       dma.o
    0x0800308c   0x000001b4   Code   RO          272    i.MX_GPIO_Init      gpio.o
    0x08003240   0x0000003c   Code   RO          388    i.MX_LPUART1_UART_Init  usart.o
    0x0800327c   0x00000050   Code   RO            6    i.MX_SPI1_Init      spi.o
    0x080032cc   0x00000044   Code   RO          557    i.MX_TIM6_Init      tim.o
    0x08003310   0x00000044   Code   RO          558    i.MX_TIM7_Init      tim.o
    0x08003354   0x0000003c   Code   RO          389    i.MX_USART3_UART_Init  usart.o
    0x08003390   0x00000002   Code   RO          171    i.MemManage_Handler  stm32l4xx_it.o
    0x08003392   0x00000002   Code   RO          172    i.NMI_Handler       stm32l4xx_it.o
    0x08003394   0x00000002   Code   RO          173    i.PendSV_Handler    stm32l4xx_it.o
    0x08003396   0x00000002   PAD
    0x08003398   0x000001a0   Code   RO         1709    i.RCCEx_PLLSAI1_Config  stm32l4xx_hal_rcc_ex.o
    0x08003538   0x00000168   Code   RO         1710    i.RCCEx_PLLSAI2_Config  stm32l4xx_hal_rcc_ex.o
    0x080036a0   0x00000022   Code   RO         2947    i.SPI_DMAError      stm32l4xx_hal_spi.o
    0x080036c2   0x0000000a   Code   RO         2949    i.SPI_DMAHalfTransmitCplt  stm32l4xx_hal_spi.o
    0x080036cc   0x00000066   Code   RO         2953    i.SPI_DMATransmitCplt  stm32l4xx_hal_spi.o
    0x08003732   0x0000004a   Code   RO         2956    i.SPI_EndRxTxTransaction  stm32l4xx_hal_spi.o
    0x0800377c   0x0000009a   Code   RO         2961    i.SPI_WaitFifoStateUntilTimeout  stm32l4xx_hal_spi.o
    0x08003816   0x00000002   PAD
    0x08003818   0x0000008a   Code   RO         2962    i.SPI_WaitFlagStateUntilTimeout  stm32l4xx_hal_spi.o
    0x080038a2   0x00000002   Code   RO          174    i.SVC_Handler       stm32l4xx_it.o
    0x080038a4   0x0000009c   Code   RO          785    i.Send_2811_24bits  adafruit_neopixel.o
    0x08003940   0x0000000e   Code   RO          175    i.SysTick_Handler   stm32l4xx_it.o
    0x0800394e   0x00000002   PAD
    0x08003950   0x00000048   Code   RO         4613    i.SystemInit        system_stm32l4xx.o
    0x08003998   0x0000000c   Code   RO          176    i.TIM6_DAC_IRQHandler  stm32l4xx_it.o
    0x080039a4   0x0000000c   Code   RO          177    i.TIM7_IRQHandler   stm32l4xx_it.o
    0x080039b0   0x000000bc   Code   RO         2300    i.TIM_Base_SetConfig  stm32l4xx_hal_tim.o
    0x08003a6c   0x000000da   Code   RO         3741    i.UART_AdvFeatureConfig  stm32l4xx_hal_uart.o
    0x08003b46   0x00000060   Code   RO         3742    i.UART_CheckIdleState  stm32l4xx_hal_uart.o
    0x08003ba6   0x00000014   Code   RO         3743    i.UART_DMAAbortOnError  stm32l4xx_hal_uart.o
    0x08003bba   0x00000002   PAD
    0x08003bbc   0x00000330   Code   RO         3753    i.UART_SetConfig    stm32l4xx_hal_uart.o
    0x08003eec   0x00000076   Code   RO         3754    i.UART_WaitOnFlagUntilTimeout  stm32l4xx_hal_uart.o
    0x08003f62   0x00000002   PAD
    0x08003f64   0x0000000c   Code   RO          178    i.USART3_IRQHandler  stm32l4xx_it.o
    0x08003f70   0x00000002   Code   RO          179    i.UsageFault_Handler  stm32l4xx_it.o
    0x08003f72   0x00000002   PAD
    0x08003f74   0x00000054   Code   RO          788    i.WS2812B_Init      adafruit_neopixel.o
    0x08003fc8   0x00000020   Code   RO         4872    i.__0printf$8       mc_w.l(printf8.o)
    0x08003fe8   0x00000008   Code   RO          775    i.__ARM_common_memclr4_8  gizwits_protocol.o
    0x08003ff0   0x0000000e   Code   RO         4966    i.__scatterload_copy  mc_w.l(handlers.o)
    0x08003ffe   0x00000002   Code   RO         4967    i.__scatterload_null  mc_w.l(handlers.o)
    0x08004000   0x0000000e   Code   RO         4968    i.__scatterload_zeroinit  mc_w.l(handlers.o)
    0x0800400e   0x00000002   PAD
    0x08004010   0x00000416   Code   RO         4879    i._printf_core      mc_w.l(printf8.o)
    0x08004426   0x00000024   Code   RO         4880    i._printf_post_padding  mc_w.l(printf8.o)
    0x0800444a   0x0000002e   Code   RO         4881    i._printf_pre_padding  mc_w.l(printf8.o)
    0x08004478   0x0000001c   Code   RO          390    i.fputc             usart.o
    0x08004494   0x00000088   Code   RO          682    i.gizCompressValue  gizwits_protocol.o
    0x0800451c   0x00000134   Code   RO          683    i.gizDataPoints2ReportData  gizwits_protocol.o
    0x08004650   0x000000a8   Code   RO          684    i.gizDecompressionValue  gizwits_protocol.o
    0x080046f8   0x0000000c   Code   RO          605    i.gizGetTimerCount  gizwits_product.o
    0x08004704   0x00000430   Code   RO          685    i.gizProtocolModuleStatus  gizwits_protocol.o
    0x08004b34   0x00000090   Code   RO          686    i.gizProtocolSum    gizwits_protocol.o
    0x08004bc4   0x0000005c   Code   RO          687    i.gizProtocolWaitAck  gizwits_protocol.o
    0x08004c20   0x00000074   Code   RO          688    i.gizPutData        gizwits_protocol.o
    0x08004c94   0x00000240   Code   RO          607    i.gizwitsEventProcess  gizwits_product.o
    0x08004ed4   0x00000d96   Code   RO          690    i.gizwitsHandle     gizwits_protocol.o
    0x08005c6a   0x00000002   PAD
    0x08005c6c   0x00000020   Code   RO          691    i.gizwitsInit       gizwits_protocol.o
    0x08005c8c   0x0000020a   Code   RO          693    i.gizwitsSetMode    gizwits_protocol.o
    0x08005e96   0x00000002   PAD
    0x08005e98   0x00000034   Code   RO          442    i.key1LongPress     main.o
    0x08005ecc   0x00000034   Code   RO          443    i.key1ShortPress    main.o
    0x08005f00   0x00000040   Code   RO          444    i.key2LongPress     main.o
    0x08005f40   0x0000003c   Code   RO          445    i.key2ShortPress    main.o
    0x08005f7c   0x00000090   Code   RO          894    i.keyHandle         hal_key.o
    0x0800600c   0x00000048   Code   RO          895    i.keyInitOne        hal_key.o
    0x08006054   0x0000001c   Code   RO          896    i.keyParaInit       hal_key.o
    0x08006070   0x00000208   Code   RO          447    i.main              main.o
    0x08006278   0x0000000a   Code   RO          608    i.mcuRestart        gizwits_product.o
    0x08006282   0x00000002   PAD
    0x08006284   0x00000098   Code   RO          694    i.rbRead            gizwits_protocol.o
    0x0800631c   0x00000124   Code   RO          695    i.rbWrite           gizwits_protocol.o
    0x08006440   0x0000010e   Code   RO          897    i.readKeyValue      hal_key.o
    0x0800654e   0x00000002   PAD
    0x08006550   0x00000060   Code   RO          794    i.setAllPixelColor  adafruit_neopixel.o
    0x080065b0   0x0000001c   Code   RO          609    i.timerInit         gizwits_product.o
    0x080065cc   0x00000014   Code   RO          610    i.uartInit          gizwits_product.o
    0x080065e0   0x00000098   Code   RO          611    i.uartWrite         gizwits_product.o
    0x08006678   0x00000040   Data   RO         4614    .constdata          system_stm32l4xx.o
    0x080066b8   0x00000008   Data   RO         4615    .constdata          system_stm32l4xx.o
    0x080066c0   0x00000041   Data   RO          697    .conststring        gizwits_protocol.o
    0x08006701   0x00000003   PAD
    0x08006704   0x00000020   Data   RO         4964    Region$$Table       anon$$obj.o


    Execution Region RW_IRAM1 (Base: 0x20000000, Size: 0x00002940, Max: 0x00050000, ABSOLUTE)

    Base Addr    Size         Type   Attr      Idx    E Section Name        Object

    0x20000000   0x00000011   Data   RW          451    .data               main.o
    0x20000011   0x00000003   PAD
    0x20000014   0x00000008   Data   RW          614    .data               gizwits_product.o
    0x2000001c   0x0000000c   Data   RW          698    .data               gizwits_protocol.o
    0x20000028   0x00000017   Data   RW          798    .data               adafruit_neopixel.o
    0x2000003f   0x00000001   PAD
    0x20000040   0x0000000a   Data   RW          899    .data               hal_key.o
    0x2000004a   0x00000002   PAD
    0x2000004c   0x00000004   Data   RW         4368    .data               stm32l4xx_hal.o
    0x20000050   0x00000004   Data   RW         4616    .data               system_stm32l4xx.o
    0x20000054   0x00000004   Data   RW         4940    .data               mc_w.l(stdout.o)
    0x20000058   0x000000ac   Zero   RW            7    .bss                spi.o
    0x20000104   0x000000b4   Zero   RW          323    .bss                adc.o
    0x200001b8   0x000000e0   Zero   RW          391    .bss                usart.o
    0x20000298   0x00000038   Zero   RW          450    .bss                main.o
    0x200002d0   0x00000078   Zero   RW          559    .bss                tim.o
    0x20000348   0x000000f6   Zero   RW          696    .bss                gizwits_protocol.o
    0x2000043e   0x00000002   PAD
    0x20000440   0x00002500   Zero   RW         4647    STACK               startup_stm32l496xx.o


==============================================================================

Image component sizes


      Code (inc. data)   RO Data    RW Data    ZI Data      Debug   Object Name

       336         26          0         23          0       3672   adafruit_neopixel.o
       220         22          0          0        180       1719   adc.o
        60          4          0          0          0        770   dma.o
       894        320          0          8          0      10564   gizwits_product.o
      6520       1818         65         12        246      20682   gizwits_protocol.o
       436         34          0          0          0       1227   gpio.o
       514         22          0         10          0       3746   hal_key.o
       750        208          0         17         56      11027   main.o
       212         22          0          0        172     948934   spi.o
        36          8        428          0       9472        808   startup_stm32l496xx.o
       120         18          0          4          0       4183   stm32l4xx_hal.o
      2706         78          0          0          0       9937   stm32l4xx_hal_adc.o
       276         10          0          0          0       1895   stm32l4xx_hal_adc_ex.o
       272         26          0          0          0      32332   stm32l4xx_hal_cortex.o
       686         28          0          0          0       4142   stm32l4xx_hal_dma.o
       606         20          0          0          0       3139   stm32l4xx_hal_gpio.o
        40          8          0          0          0       1075   stm32l4xx_hal_i2c_ex.o
       128          6          0          0          0        914   stm32l4xx_hal_msp.o
       140         22          0          0          0       1927   stm32l4xx_hal_pwr_ex.o
      2540         90          0          0          0       7260   stm32l4xx_hal_rcc.o
      1842         18          0          0          0       4252   stm32l4xx_hal_rcc_ex.o
       962         12          0          0          0       8869   stm32l4xx_hal_spi.o
       638         34          0          0          0       7577   stm32l4xx_hal_tim.o
        96          0          0          0          0       2582   stm32l4xx_hal_tim_ex.o
      2534         52          0          0          0      11546   stm32l4xx_hal_uart.o
         2          0          0          0          0       1012   stm32l4xx_hal_uart_ex.o
        90         30          0          0          0       6516   stm32l4xx_it.o
        72         14         72          4          0       1229   system_stm32l4xx.o
       240         20          0          0        120       2287   tim.o
       304         36          0          0        224       2930   usart.o

    ----------------------------------------------------------------------
     24316       3006        600         84      10472    1118753   Object Totals
         0          0         32          0          0          0   (incl. Generated)
        44          0          3          6          2          0   (incl. Padding)

    ----------------------------------------------------------------------

      Code (inc. data)   RO Data    RW Data    ZI Data      Debug   Library Member Name

         0          0          0          0          0          0   entry.o
         0          0          0          0          0          0   entry10a.o
         0          0          0          0          0          0   entry11a.o
         8          4          0          0          0          0   entry2.o
         4          0          0          0          0          0   entry5.o
         0          0          0          0          0          0   entry7b.o
         0          0          0          0          0          0   entry8b.o
         8          4          0          0          0          0   entry9a.o
        30          0          0          0          0          0   handlers.o
        36          8          0          0          0         68   init.o
        30          0          0          0          0         68   llshl.o
        32          0          0          0          0         68   llushr.o
        36          0          0          0          0         68   memcpya.o
        36          0          0          0          0        108   memseta.o
      1160         54          0          0          0        352   printf8.o
         0          0          0          4          0          0   stdout.o
       104          0          0          0          0         92   uldiv.o

    ----------------------------------------------------------------------
      1488         70          0          4          0        824   Library Totals
         4          0          0          0          0          0   (incl. Padding)

    ----------------------------------------------------------------------

      Code (inc. data)   RO Data    RW Data    ZI Data      Debug   Library Name

      1484         70          0          4          0        824   mc_w.l

    ----------------------------------------------------------------------
      1488         70          0          4          0        824   Library Totals

    ----------------------------------------------------------------------

==============================================================================


      Code (inc. data)   RO Data    RW Data    ZI Data      Debug   

     25804       3076        600         88      10472    1106017   Grand Totals
     25804       3076        600         88      10472    1106017   ELF Image Totals
     25804       3076        600         88          0          0   ROM Totals

==============================================================================

    Total RO  Size (Code + RO Data)                26404 (  25.79kB)
    Total RW  Size (RW Data + ZI Data)             10560 (  10.31kB)
    Total ROM Size (Code + RO Data + RW Data)      26492 (  25.87kB)

==============================================================================

