###############################################################################
#
# IAR ELF Linker V8.10.1.12857/W32 for ARM                01/Apr/2017  18:42:10
# Copyright 2007-2017 IAR Systems AB.
#
#    Output file  =  
#        C:\Users\DengQ\Desktop\Nucleo-L496ZG_Test\EWARM\Nucleo-L496ZG_Test\Exe\Nucleo-L496ZG_Test.out
#    Map file     =  
#        C:\Users\DengQ\Desktop\Nucleo-L496ZG_Test\EWARM\Nucleo-L496ZG_Test\List\Nucleo-L496ZG_Test.map
#    Command line =  
#        -f C:\Users\DengQ\AppData\Local\Temp\EWEAD9.tmp
#        (C:\Users\DengQ\Desktop\Nucleo-L496ZG_Test\EWARM\Nucleo-L496ZG_Test\Obj\Adafruit_NeoPixel.o
#        C:\Users\DengQ\Desktop\Nucleo-L496ZG_Test\EWARM\Nucleo-L496ZG_Test\Obj\adc.o
#        C:\Users\DengQ\Desktop\Nucleo-L496ZG_Test\EWARM\Nucleo-L496ZG_Test\Obj\dma.o
#        C:\Users\DengQ\Desktop\Nucleo-L496ZG_Test\EWARM\Nucleo-L496ZG_Test\Obj\gizwits_product.o
#        C:\Users\DengQ\Desktop\Nucleo-L496ZG_Test\EWARM\Nucleo-L496ZG_Test\Obj\gizwits_protocol.o
#        C:\Users\DengQ\Desktop\Nucleo-L496ZG_Test\EWARM\Nucleo-L496ZG_Test\Obj\gpio.o
#        C:\Users\DengQ\Desktop\Nucleo-L496ZG_Test\EWARM\Nucleo-L496ZG_Test\Obj\hal_key.o
#        C:\Users\DengQ\Desktop\Nucleo-L496ZG_Test\EWARM\Nucleo-L496ZG_Test\Obj\main.o
#        C:\Users\DengQ\Desktop\Nucleo-L496ZG_Test\EWARM\Nucleo-L496ZG_Test\Obj\spi.o
#        C:\Users\DengQ\Desktop\Nucleo-L496ZG_Test\EWARM\Nucleo-L496ZG_Test\Obj\startup_stm32l496xx.o
#        C:\Users\DengQ\Desktop\Nucleo-L496ZG_Test\EWARM\Nucleo-L496ZG_Test\Obj\stm32l4xx_hal.o
#        C:\Users\DengQ\Desktop\Nucleo-L496ZG_Test\EWARM\Nucleo-L496ZG_Test\Obj\stm32l4xx_hal_adc.o
#        C:\Users\DengQ\Desktop\Nucleo-L496ZG_Test\EWARM\Nucleo-L496ZG_Test\Obj\stm32l4xx_hal_adc_ex.o
#        C:\Users\DengQ\Desktop\Nucleo-L496ZG_Test\EWARM\Nucleo-L496ZG_Test\Obj\stm32l4xx_hal_cortex.o
#        C:\Users\DengQ\Desktop\Nucleo-L496ZG_Test\EWARM\Nucleo-L496ZG_Test\Obj\stm32l4xx_hal_dma.o
#        C:\Users\DengQ\Desktop\Nucleo-L496ZG_Test\EWARM\Nucleo-L496ZG_Test\Obj\stm32l4xx_hal_flash.o
#        C:\Users\DengQ\Desktop\Nucleo-L496ZG_Test\EWARM\Nucleo-L496ZG_Test\Obj\stm32l4xx_hal_flash_ex.o
#        C:\Users\DengQ\Desktop\Nucleo-L496ZG_Test\EWARM\Nucleo-L496ZG_Test\Obj\stm32l4xx_hal_flash_ramfunc.o
#        C:\Users\DengQ\Desktop\Nucleo-L496ZG_Test\EWARM\Nucleo-L496ZG_Test\Obj\stm32l4xx_hal_gpio.o
#        C:\Users\DengQ\Desktop\Nucleo-L496ZG_Test\EWARM\Nucleo-L496ZG_Test\Obj\stm32l4xx_hal_i2c.o
#        C:\Users\DengQ\Desktop\Nucleo-L496ZG_Test\EWARM\Nucleo-L496ZG_Test\Obj\stm32l4xx_hal_i2c_ex.o
#        C:\Users\DengQ\Desktop\Nucleo-L496ZG_Test\EWARM\Nucleo-L496ZG_Test\Obj\stm32l4xx_hal_msp.o
#        C:\Users\DengQ\Desktop\Nucleo-L496ZG_Test\EWARM\Nucleo-L496ZG_Test\Obj\stm32l4xx_hal_pwr.o
#        C:\Users\DengQ\Desktop\Nucleo-L496ZG_Test\EWARM\Nucleo-L496ZG_Test\Obj\stm32l4xx_hal_pwr_ex.o
#        C:\Users\DengQ\Desktop\Nucleo-L496ZG_Test\EWARM\Nucleo-L496ZG_Test\Obj\stm32l4xx_hal_rcc.o
#        C:\Users\DengQ\Desktop\Nucleo-L496ZG_Test\EWARM\Nucleo-L496ZG_Test\Obj\stm32l4xx_hal_rcc_ex.o
#        C:\Users\DengQ\Desktop\Nucleo-L496ZG_Test\EWARM\Nucleo-L496ZG_Test\Obj\stm32l4xx_hal_spi.o
#        C:\Users\DengQ\Desktop\Nucleo-L496ZG_Test\EWARM\Nucleo-L496ZG_Test\Obj\stm32l4xx_hal_spi_ex.o
#        C:\Users\DengQ\Desktop\Nucleo-L496ZG_Test\EWARM\Nucleo-L496ZG_Test\Obj\stm32l4xx_hal_tim.o
#        C:\Users\DengQ\Desktop\Nucleo-L496ZG_Test\EWARM\Nucleo-L496ZG_Test\Obj\stm32l4xx_hal_tim_ex.o
#        C:\Users\DengQ\Desktop\Nucleo-L496ZG_Test\EWARM\Nucleo-L496ZG_Test\Obj\stm32l4xx_hal_uart.o
#        C:\Users\DengQ\Desktop\Nucleo-L496ZG_Test\EWARM\Nucleo-L496ZG_Test\Obj\stm32l4xx_hal_uart_ex.o
#        C:\Users\DengQ\Desktop\Nucleo-L496ZG_Test\EWARM\Nucleo-L496ZG_Test\Obj\stm32l4xx_it.o
#        C:\Users\DengQ\Desktop\Nucleo-L496ZG_Test\EWARM\Nucleo-L496ZG_Test\Obj\system_stm32l4xx.o
#        C:\Users\DengQ\Desktop\Nucleo-L496ZG_Test\EWARM\Nucleo-L496ZG_Test\Obj\tim.o
#        C:\Users\DengQ\Desktop\Nucleo-L496ZG_Test\EWARM\Nucleo-L496ZG_Test\Obj\usart.o
#        --redirect _Printf=_PrintfFull --redirect _Scanf=_ScanfFull -o
#        C:\Users\DengQ\Desktop\Nucleo-L496ZG_Test\EWARM\Nucleo-L496ZG_Test\Exe\Nucleo-L496ZG_Test.out
#        --map
#        C:\Users\DengQ\Desktop\Nucleo-L496ZG_Test\EWARM\Nucleo-L496ZG_Test\List\Nucleo-L496ZG_Test.map
#        --config
#        C:\Users\DengQ\Desktop\Nucleo-L496ZG_Test\EWARM/stm32l496xx_flash.icf
#        --semihosting --entry __iar_program_start --vfe --text_out locale)
#
###############################################################################

*******************************************************************************
*** RUNTIME MODEL ATTRIBUTES
***

CppFlavor       = *
__SystemLibrary = DLib
__dlib_version  = 6


*******************************************************************************
*** HEAP SELECTION
***

The basic heap was selected because no calls to memory allocation
functions were found in the application outside of system library
functions, and there are calls to deallocation functions in the
application.


*******************************************************************************
*** PLACEMENT SUMMARY
***

"A0":  place at 0x08000000 { ro section .intvec };
"P1":  place in [from 0x08000000 to 0x080fffff] { ro };
"P2":  place in [from 0x20000000 to 0x2003ffff] { rw, block CSTACK, block HEAP };
initialize by copy { rw };

  Section            Kind        Address    Size  Object
  -------            ----        -------    ----  ------
"A0":                                      0x1ac
  .intvec            ro code  0x08000000   0x1ac  startup_stm32l496xx.o [1]
                            - 0x080001ac   0x1ac

"P1":                                     0x737b
  .text              ro code  0x080001ac  0x18d8  gizwits_protocol.o [1]
  .text              ro code  0x08001a84    0x28  printf.o [3]
  .text              ro code  0x08001aac    0xa6  ABImemcpy.o [5]
  .text              ro code  0x08001b52    0x1e  xencoding_8859_1.o [3]
  .text              ro code  0x08001b70     0x6  ABImemclr.o [5]
  .text              ro code  0x08001b78   0x3ac  gizwits_product.o [1]
  .text              ro code  0x08001f24     0x6  ABImemclr4.o [5]
  .text              ro code  0x08001f2c   0xf56  xprintffull.o [3]
  .text              ro code  0x08002e84    0x5e  ABImemset.o [5]
  .text              ro code  0x08002ee4   0x134  Adafruit_NeoPixel.o [1]
  .text              ro code  0x08003018    0x1e  stm32l4xx_hal.o [1]
  .text              ro code  0x08003038   0x1ec  stm32l4xx_hal_gpio.o [1]
  .text              ro code  0x08003224    0xfe  stm32l4xx_hal_cortex.o [1]
  .text              ro code  0x08003324   0x1b4  hal_key.o [1]
  .text              ro code  0x080034d8   0x270  stm32l4xx_hal_tim.o [1]
  .text              ro code  0x08003748   0x7e2  stm32l4xx_hal_uart.o [1]
  .text              ro code  0x08003f2c    0x32  ABImemset48.o [5]
  .text              ro code  0x08003f60    0x7c  xlocale_c.o [3]
  .text              ro code  0x08003fdc    0x16  strchr.o [5]
  .text              ro code  0x08003ff4    0x44  xfail_s.o [3]
  .text              ro code  0x08004038    0x36  strlen.o [5]
  .text              ro code  0x08004070    0x58  memchr.o [5]
  .text              ro code  0x080040c8     0xa  xmbcurmax.o [3]
  .text              ro code  0x080040d4    0xee  I64DivMod.o [5]
  .text              ro code  0x080041c4   0x192  DblMul.o [4]
  .text              ro code  0x08004358    0x70  frexp.o [4]
  .text              ro code  0x080043c8    0x2e  DblCmpLe.o [4]
  .text              ro code  0x080043f8    0x2e  DblCmpGe.o [4]
  .text              ro code  0x08004428   0x13a  ldexp.o [4]
  .text              ro code  0x08004564    0x3a  DblToS32.o [4]
  .text              ro code  0x080045a0    0x22  S32ToDbl.o [4]
  .text              ro code  0x080045c4    0xe2  DblSub.o [4]
  .text              ro code  0x080046a8   0x246  DblDiv.o [4]
  .text              ro code  0x080048f0    0x28  DblToU32.o [4]
  .text              ro code  0x08004918    0x1a  U32ToDbl.o [4]
  .text              ro code  0x08004932     0xe  div.o [3]
  .text              ro code  0x08004940   0x306  stm32l4xx_hal_spi.o [1]
  .text              ro code  0x08004c48     0xc  stm32l4xx_hal.o [1]
  .text              ro code  0x08004c54    0xb4  tim.o [1]
  .text              ro code  0x08004d08     0x2  stm32l4xx_hal_tim.o [1]
  .text              ro code  0x08004d0a     0x2  stm32l4xx_hal_tim.o [1]
  .text              ro code  0x08004d0c     0x2  stm32l4xx_hal_tim.o [1]
  .text              ro code  0x08004d0e     0x2  stm32l4xx_hal_tim_ex.o [1]
  .text              ro code  0x08004d10     0x2  stm32l4xx_hal_tim.o [1]
  .text              ro code  0x08004d12     0x2  stm32l4xx_hal_tim_ex.o [1]
  .text              ro code  0x08004d14   0x120  usart.o [1]
  .text              ro code  0x08004e34   0x244  stm32l4xx_hal_dma.o [1]
  .text              ro code  0x08005078     0x2  stm32l4xx_hal_uart.o [1]
  .text              ro code  0x0800507a     0x2  stm32l4xx_hal_uart_ex.o [1]
  .text              ro code  0x0800507c     0x2  stm32l4xx_hal_uart.o [1]
  .text              ro code  0x08005080   0x7a0  stm32l4xx_hal_rcc.o [1]
  .text              ro code  0x08005820     0x6  abort.o [3]
  .text              ro code  0x08005828     0x2  I64DivZer.o [5]
  .text              ro code  0x0800582c   0x168  DblAdd.o [4]
  .text              ro code  0x08005994    0xd4  spi.o [1]
  .text              ro code  0x08005a68     0x2  stm32l4xx_hal_spi.o [1]
  .text              ro code  0x08005a6a     0x2  stm32l4xx_hal_spi.o [1]
  .text              ro code  0x08005a6c     0x2  stm32l4xx_hal_spi.o [1]
  .text              ro code  0x08005a70   0x2f0  main.o [1]
  .text              ro code  0x08005d60    0x58  stm32l4xx_hal_tim_ex.o [1]
  .text              ro code  0x08005db8    0x2c  stm32l4xx_hal.o [1]
  .text              ro code  0x08005de4    0x94  stm32l4xx_hal_pwr_ex.o [1]
  .text              ro code  0x08005e78    0x14  exit.o [6]
  .text              ro code  0x08005e8c    0x16  stm32l4xx_hal.o [1]
  .text              ro code  0x08005ea4   0x1ec  gpio.o [1]
  .text              ro code  0x08006090    0x40  dma.o [1]
  .text              ro code  0x080060d0    0xe8  adc.o [1]
  .text              ro code  0x080061b8   0x81e  stm32l4xx_hal_adc.o [1]
  .text              ro code  0x080069d8   0x580  stm32l4xx_hal_rcc_ex.o [1]
  .text              ro code  0x08006f58    0x8c  stm32l4xx_hal_msp.o [1]
  .text              ro code  0x08006fe4    0x30  stm32l4xx_hal_i2c_ex.o [1]
  .text              ro code  0x08007014    0xe8  stm32l4xx_hal_adc_ex.o [1]
  .text              ro code  0x080070fc     0x2  stm32l4xx_hal_adc.o [1]
  .text              ro code  0x080070fe     0x2  stm32l4xx_hal_adc.o [1]
  .text              ro code  0x08007100     0x2  stm32l4xx_hal_adc.o [1]
  .text              ro code  0x08007104    0x8c  system_stm32l4xx.o [1]
  .text              ro code  0x08007190    0x50  stm32l4xx_it.o [1]
  .text              ro code  0x080071e0    0x10  stm32l4xx_hal.o [1]
  .text              ro code  0x080071f0    0x40  zero_init3.o [5]
  .text              ro code  0x08007230    0x38  packbits_init_single.o [5]
  .text              ro code  0x08007268    0x28  data_init.o [5]
  .text              ro code  0x08007290    0x22  fpinit_M.o [4]
  .iar.init_table    const    0x080072b4    0x20  - Linker created -
  .text              ro code  0x080072d4    0x1a  cmain.o [5]
  .text              ro code  0x080072ee     0x4  low_level_init.o [3]
  .text              ro code  0x080072f2     0x4  exit.o [3]
  .text              ro code  0x080072f8     0xa  cexit.o [5]
  .text              ro code  0x08007302    0x16  xprout.o [3]
  .text              ro code  0x08007318     0xc  putchar.o [3]
  .text              ro code  0x08007324    0x10  startup_stm32l496xx.o [1]
  .text              ro code  0x08007334     0xc  cstartup_M.o [5]
  .rodata            const    0x08007340     0x8  system_stm32l4xx.o [1]
  .rodata            const    0x08007348     0x6  xlocale_c.o [3]
  .text              ro code  0x0800734e     0x4  startup_stm32l496xx.o [1]
  .text              ro code  0x08007352     0x4  startup_stm32l496xx.o [1]
  .text              ro code  0x08007356     0x4  startup_stm32l496xx.o [1]
  .text              ro code  0x0800735a     0x4  startup_stm32l496xx.o [1]
  .text              ro code  0x0800735e     0x4  startup_stm32l496xx.o [1]
  .text              ro code  0x08007362     0x4  startup_stm32l496xx.o [1]
  .text              ro code  0x08007366     0x4  startup_stm32l496xx.o [1]
  .text              ro code  0x0800736a     0x4  startup_stm32l496xx.o [1]
  .text              ro code  0x0800736e     0x4  startup_stm32l496xx.o [1]
  .text              ro code  0x08007372     0x4  startup_stm32l496xx.o [1]
  .text              ro code  0x08007376     0x4  startup_stm32l496xx.o [1]
  .text              ro code  0x0800737a     0x4  startup_stm32l496xx.o [1]
  .text              ro code  0x0800737e     0x4  startup_stm32l496xx.o [1]
  .text              ro code  0x08007382     0x4  startup_stm32l496xx.o [1]
  .text              ro code  0x08007386     0x4  startup_stm32l496xx.o [1]
  .text              ro code  0x0800738a     0x4  startup_stm32l496xx.o [1]
  .text              ro code  0x0800738e     0x4  startup_stm32l496xx.o [1]
  .text              ro code  0x08007392     0x4  startup_stm32l496xx.o [1]
  .text              ro code  0x08007396     0x4  startup_stm32l496xx.o [1]
  .text              ro code  0x0800739a     0x4  startup_stm32l496xx.o [1]
  .text              ro code  0x0800739e     0x4  startup_stm32l496xx.o [1]
  .text              ro code  0x080073a2     0x4  startup_stm32l496xx.o [1]
  .text              ro code  0x080073a6     0x4  startup_stm32l496xx.o [1]
  .text              ro code  0x080073aa     0x4  startup_stm32l496xx.o [1]
  .text              ro code  0x080073ae     0x4  startup_stm32l496xx.o [1]
  .text              ro code  0x080073b2     0x4  startup_stm32l496xx.o [1]
  .text              ro code  0x080073b6     0x4  startup_stm32l496xx.o [1]
  .text              ro code  0x080073ba     0x4  startup_stm32l496xx.o [1]
  .text              ro code  0x080073be     0x4  startup_stm32l496xx.o [1]
  .text              ro code  0x080073c2     0x4  startup_stm32l496xx.o [1]
  .text              ro code  0x080073c6     0x4  startup_stm32l496xx.o [1]
  .text              ro code  0x080073ca     0x4  startup_stm32l496xx.o [1]
  .text              ro code  0x080073ce     0x4  startup_stm32l496xx.o [1]
  .text              ro code  0x080073d2     0x4  startup_stm32l496xx.o [1]
  .text              ro code  0x080073d6     0x4  startup_stm32l496xx.o [1]
  .text              ro code  0x080073da     0x4  startup_stm32l496xx.o [1]
  .text              ro code  0x080073de     0x4  startup_stm32l496xx.o [1]
  .text              ro code  0x080073e2     0x4  startup_stm32l496xx.o [1]
  .text              ro code  0x080073e6     0x4  startup_stm32l496xx.o [1]
  .text              ro code  0x080073ea     0x4  startup_stm32l496xx.o [1]
  .text              ro code  0x080073ee     0x4  startup_stm32l496xx.o [1]
  .text              ro code  0x080073f2     0x4  startup_stm32l496xx.o [1]
  .text              ro code  0x080073f6     0x4  startup_stm32l496xx.o [1]
  .text              ro code  0x080073fa     0x4  startup_stm32l496xx.o [1]
  .text              ro code  0x080073fe     0x4  startup_stm32l496xx.o [1]
  .text              ro code  0x08007402     0x4  startup_stm32l496xx.o [1]
  .text              ro code  0x08007406     0x4  startup_stm32l496xx.o [1]
  .text              ro code  0x0800740a     0x4  startup_stm32l496xx.o [1]
  .text              ro code  0x0800740e     0x4  startup_stm32l496xx.o [1]
  .text              ro code  0x08007412     0x4  startup_stm32l496xx.o [1]
  .text              ro code  0x08007416     0x4  startup_stm32l496xx.o [1]
  .text              ro code  0x0800741a     0x4  startup_stm32l496xx.o [1]
  .text              ro code  0x0800741e     0x4  startup_stm32l496xx.o [1]
  .text              ro code  0x08007422     0x4  startup_stm32l496xx.o [1]
  .text              ro code  0x08007426     0x4  startup_stm32l496xx.o [1]
  .text              ro code  0x0800742a     0x4  startup_stm32l496xx.o [1]
  .text              ro code  0x0800742e     0x4  startup_stm32l496xx.o [1]
  .text              ro code  0x08007432     0x4  startup_stm32l496xx.o [1]
  .text              ro code  0x08007436     0x4  startup_stm32l496xx.o [1]
  .text              ro code  0x0800743a     0x4  startup_stm32l496xx.o [1]
  .text              ro code  0x0800743e     0x4  startup_stm32l496xx.o [1]
  .text              ro code  0x08007442     0x4  startup_stm32l496xx.o [1]
  .text              ro code  0x08007446     0x4  startup_stm32l496xx.o [1]
  .text              ro code  0x0800744a     0x4  startup_stm32l496xx.o [1]
  .text              ro code  0x0800744e     0x4  startup_stm32l496xx.o [1]
  .text              ro code  0x08007452     0x4  startup_stm32l496xx.o [1]
  .text              ro code  0x08007456     0x4  startup_stm32l496xx.o [1]
  .text              ro code  0x0800745a     0x4  startup_stm32l496xx.o [1]
  .text              ro code  0x0800745e     0x4  startup_stm32l496xx.o [1]
  .text              ro code  0x08007462     0x4  startup_stm32l496xx.o [1]
  .text              ro code  0x08007466     0x4  startup_stm32l496xx.o [1]
  .text              ro code  0x0800746a     0x4  startup_stm32l496xx.o [1]
  .text              ro code  0x0800746e     0x4  startup_stm32l496xx.o [1]
  .text              ro code  0x08007472     0x4  startup_stm32l496xx.o [1]
  .text              ro code  0x08007476     0x4  startup_stm32l496xx.o [1]
  .text              ro code  0x0800747a     0x4  startup_stm32l496xx.o [1]
  .text              ro code  0x0800747e     0x4  startup_stm32l496xx.o [1]
  .text              ro code  0x08007482     0x4  startup_stm32l496xx.o [1]
  .text              ro code  0x08007486     0x4  startup_stm32l496xx.o [1]
  .text              ro code  0x0800748a     0x4  startup_stm32l496xx.o [1]
  .text              ro code  0x0800748e     0x4  startup_stm32l496xx.o [1]
  .text              ro code  0x08007492     0x4  startup_stm32l496xx.o [1]
  .text              ro code  0x08007496     0x4  startup_stm32l496xx.o [1]
  .text              ro code  0x0800749a     0x4  startup_stm32l496xx.o [1]
  .text              ro code  0x0800749e     0x4  startup_stm32l496xx.o [1]
  .rodata            const    0x080074a2     0x0  zero_init3.o [5]
  .rodata            const    0x080074a2     0x0  packbits_init_single.o [5]
  Initializer bytes  const    0x080074a2    0x85  <for P2-1>
                            - 0x08007527  0x737b

"P2", part 1 of 3:                          0xd8
  P2-1                        0x20000000    0xd8  <Init block>
    .data            inited   0x20000000     0x5  gizwits_product.o [1]
    .data            inited   0x20000008     0x4  system_stm32l4xx.o [1]
    .data            inited   0x2000000c    0x38  xlocale_c.o [3]
    .data            inited   0x20000044    0x48  xlocale_c.o [3]
    .data            inited   0x2000008c    0x48  xfiles.o [3]
    .data            inited   0x200000d4     0x2  Adafruit_NeoPixel.o [1]
    .data            inited   0x200000d6     0x2  hal_key.o [1]
                            - 0x200000d8    0xd8

"P2", part 2 of 3:                        0x2500
  CSTACK                      0x200000d8  0x2500  <Block>
    CSTACK           uninit   0x200000d8  0x2500  <Block tail>
                            - 0x200025d8  0x2500

"P2", part 3 of 3:                         0x4a0
  .bss               zero     0x200025d8    0xd8  gizwits_protocol.o [1]
  .bss               zero     0x200026b0    0x70  usart.o [1]
  .bss               zero     0x20002720    0x70  usart.o [1]
  .bss               zero     0x20002790    0x6c  adc.o [1]
  .bss               zero     0x200027fc    0x64  spi.o [1]
  .bss               zero     0x20002860    0x50  xfiles.o [3]
  .bss               zero     0x200028b0    0x48  adc.o [1]
  .bss               zero     0x200028f8    0x48  spi.o [1]
  .bss               zero     0x20002940    0x3c  tim.o [1]
  .bss               zero     0x2000297c    0x3c  tim.o [1]
  .bss               zero     0x200029b8    0x34  gizwits_protocol.o [1]
  .bss               zero     0x200029ec    0x2c  main.o [1]
  .bss               zero     0x20002a18    0x28  main.o [1]
  .bss               zero     0x20002a40    0x18  Adafruit_NeoPixel.o [1]
  .bss               zero     0x20002a58     0x8  hal_key.o [1]
  .bss               zero     0x20002a60     0x6  gizwits_protocol.o [1]
  .bss               zero     0x20002a66     0x2  gizwits_protocol.o [1]
  .bss               zero     0x20002a68     0x4  gizwits_protocol.o [1]
  .bss               zero     0x20002a6c     0x4  stm32l4xx_hal.o [1]
  .bss               zero     0x20002a70     0x4  xfail_s.o [3]
  .bss               zero     0x20002a74     0x1  gizwits_product.o [1]
                            - 0x20002a75   0x49d


*******************************************************************************
*** INIT TABLE
***

          Address     Size
          -------     ----
Zero (__iar_zero_init3)
    1 destination range, total size 0x49d:
          0x200025d8  0x49d

Copy/packbits (__iar_packbits_init_single3)
    1 source range, total size 0x85 (61% of destination):
          0x080074a2   0x85
    1 destination range, total size 0xd8:
          0x20000000   0xd8



*******************************************************************************
*** MODULE SUMMARY
***

    Module                   ro code  ro data  rw data
    ------                   -------  -------  -------
C:\Users\DengQ\Desktop\Nucleo-L496ZG_Test\EWARM\Nucleo-L496ZG_Test\Obj: [1]
    Adafruit_NeoPixel.o          308        1       26
    adc.o                        232               180
    dma.o                         64
    gizwits_product.o            940        3        6
    gizwits_protocol.o         6 360               280
    gpio.o                       492
    hal_key.o                    436        2       10
    main.o                       752                84
    spi.o                        212               172
    startup_stm32l496xx.o        784
    stm32l4xx_hal.o              124                 4
    stm32l4xx_hal_adc.o        2 084
    stm32l4xx_hal_adc_ex.o       232
    stm32l4xx_hal_cortex.o       254
    stm32l4xx_hal_dma.o          580
    stm32l4xx_hal_gpio.o         492
    stm32l4xx_hal_i2c_ex.o        48
    stm32l4xx_hal_msp.o          140
    stm32l4xx_hal_pwr_ex.o       148
    stm32l4xx_hal_rcc.o        1 952
    stm32l4xx_hal_rcc_ex.o     1 408
    stm32l4xx_hal_spi.o          780
    stm32l4xx_hal_tim.o          632
    stm32l4xx_hal_tim_ex.o        92
    stm32l4xx_hal_uart.o       2 022
    stm32l4xx_hal_uart_ex.o        2
    stm32l4xx_it.o                80
    system_stm32l4xx.o           140       12        4
    tim.o                        180               120
    usart.o                      288               224
    --------------------------------------------------
    Total:                    22 258       18    1 110

command line: [2]
    --------------------------------------------------
    Total:

dl7M_tlf.a: [3]
    abort.o                        6
    div.o                         14
    exit.o                         4
    low_level_init.o               4
    printf.o                      40
    putchar.o                     12
    xencoding_8859_1.o            30
    xfail_s.o                     68                 4
    xfiles.o                               44      152
    xlocale_c.o                  124       85      128
    xmbcurmax.o                   10
    xprintffull.o              3 926
    xprout.o                      22
    --------------------------------------------------
    Total:                     4 260      129      284

m7M_tls.a: [4]
    DblAdd.o                     360
    DblCmpGe.o                    46
    DblCmpLe.o                    46
    DblDiv.o                     582
    DblMul.o                     402
    DblSub.o                     226
    DblToS32.o                    58
    DblToU32.o                    40
    S32ToDbl.o                    34
    U32ToDbl.o                    26
    fpinit_M.o                    34
    frexp.o                      112
    ldexp.o                      314
    --------------------------------------------------
    Total:                     2 280

rt7M_tl.a: [5]
    ABImemclr.o                    6
    ABImemclr4.o                   6
    ABImemcpy.o                  166
    ABImemset.o                   94
    ABImemset48.o                 50
    I64DivMod.o                  238
    I64DivZer.o                    2
    cexit.o                       10
    cmain.o                       26
    cstartup_M.o                  12
    data_init.o                   40
    memchr.o                      88
    packbits_init_single.o        56
    strchr.o                      22
    strlen.o                      54
    zero_init3.o                  64
    --------------------------------------------------
    Total:                       934

shb_l.a: [6]
    exit.o                        20
    --------------------------------------------------
    Total:                        20

    Gaps                          58        2        3
    Linker created                         32    9 472
------------------------------------------------------
    Grand Total:              29 810      181   10 869


*******************************************************************************
*** ENTRY LIST
***

Entry                      Address   Size  Type      Object
-----                      -------   ----  ----      ------
.iar.init_table$$Base   0x080072b4          --   Gb  - Linker created -
.iar.init_table$$Limit  0x080072d4          --   Gb  - Linker created -
?main                   0x080072d5         Code  Gb  cmain.o [5]
ADC_DMAConvCplt         0x08006965   0x52  Code  Gb  stm32l4xx_hal_adc.o [1]
ADC_DMAError            0x080069c1   0x16  Code  Gb  stm32l4xx_hal_adc.o [1]
ADC_DMAHalfConvCplt     0x080069b9    0x6  Code  Gb  stm32l4xx_hal_adc.o [1]
ADC_Enable              0x08006905   0x4c  Code  Gb  stm32l4xx_hal_adc.o [1]
AHBPrescTable           0x08007150   0x10  Data  Gb  system_stm32l4xx.o [1]
APBPrescTable           0x08007340    0x8  Data  Gb  system_stm32l4xx.o [1]
BusFault_Handler        0x08007197    0x2  Code  Gb  stm32l4xx_it.o [1]
CSTACK$$Base            0x200000d8          --   Gb  - Linker created -
CSTACK$$Limit           0x200025d8          --   Gb  - Linker created -
CacheMore               0x08003f65   0x24  Code  Lc  xlocale_c.o [3]
ConvertedValue          0x20002a34    0x4  Data  Gb  main.o [1]
DMA1_Channel1_IRQHandler
                        0x080071af    0x6  Code  Gb  stm32l4xx_it.o [1]
DMA1_Channel3_IRQHandler
                        0x080071b5    0x6  Code  Gb  stm32l4xx_it.o [1]
DebugMon_Handler        0x0800719d    0x2  Code  Gb  stm32l4xx_it.o [1]
Error_Handler           0x08005ccd    0x2  Code  Gb  main.o [1]
HAL_ADCEx_MultiModeConfigChannel
                        0x08007015   0xd4  Code  Gb  stm32l4xx_hal_adc_ex.o [1]
HAL_ADC_ConfigChannel   0x080064e1  0x406  Code  Gb  stm32l4xx_hal_adc.o [1]
HAL_ADC_Init            0x080061b9  0x1fe  Code  Gb  stm32l4xx_hal_adc.o [1]
HAL_ADC_MspInit         0x0800614f   0x56  Code  Gb  adc.o [1]
HAL_ADC_Start_DMA       0x080063b7  0x100  Code  Gb  stm32l4xx_hal_adc.o [1]
HAL_DMA_Abort_IT        0x08004f8d   0x44  Code  Gb  stm32l4xx_hal_dma.o [1]
HAL_DMA_IRQHandler      0x08004fd1   0xa6  Code  Gb  stm32l4xx_hal_dma.o [1]
HAL_DMA_Init            0x08004e35   0xac  Code  Gb  stm32l4xx_hal_dma.o [1]
HAL_DMA_Start_IT        0x08004f01   0x8c  Code  Gb  stm32l4xx_hal_dma.o [1]
HAL_Delay               0x08003019   0x1e  Code  Wk  stm32l4xx_hal.o [1]
HAL_GPIO_Init           0x08003039  0x1aa  Code  Gb  stm32l4xx_hal_gpio.o [1]
HAL_GPIO_ReadPin        0x080031e3    0xe  Code  Gb  stm32l4xx_hal_gpio.o [1]
HAL_GPIO_WritePin       0x080031f1    0xa  Code  Gb  stm32l4xx_hal_gpio.o [1]
HAL_GetTick             0x08004c49    0xc  Code  Wk  stm32l4xx_hal.o [1]
HAL_I2CEx_EnableFastModePlus
                        0x08006fe5   0x1e  Code  Gb  stm32l4xx_hal_i2c_ex.o [1]
HAL_IncTick             0x080071e1   0x10  Code  Wk  stm32l4xx_hal.o [1]
HAL_Init                0x08005e8d   0x16  Code  Gb  stm32l4xx_hal.o [1]
HAL_InitTick            0x08005db9   0x2c  Code  Wk  stm32l4xx_hal.o [1]
HAL_MspInit             0x08006f59   0x8c  Code  Gb  stm32l4xx_hal_msp.o [1]
HAL_NVIC_EnableIRQ      0x08003291    0xa  Code  Gb  stm32l4xx_hal_cortex.o [1]
HAL_NVIC_SetPriority    0x0800323f   0x52  Code  Gb  stm32l4xx_hal_cortex.o [1]
HAL_NVIC_SetPriorityGrouping
                        0x08003225   0x1a  Code  Gb  stm32l4xx_hal_cortex.o [1]
HAL_NVIC_SystemReset    0x080032a5   0x1a  Code  Gb  stm32l4xx_hal_cortex.o [1]
HAL_PWREx_ControlVoltageScaling
                        0x08005df1   0x6a  Code  Gb  stm32l4xx_hal_pwr_ex.o [1]
HAL_PWREx_EnableVddIO2  0x08005e5b    0xe  Code  Gb  stm32l4xx_hal_pwr_ex.o [1]
HAL_PWREx_GetVoltageRange
                        0x08005de5    0xc  Code  Gb  stm32l4xx_hal_pwr_ex.o [1]
HAL_RCCEx_PeriphCLKConfig
                        0x080069d9  0x362  Code  Gb  stm32l4xx_hal_rcc_ex.o [1]
HAL_RCC_ClockConfig     0x08005533  0x160  Code  Gb  stm32l4xx_hal_rcc.o [1]
HAL_RCC_GetHCLKFreq     0x08005745    0x6  Code  Gb  stm32l4xx_hal_rcc.o [1]
HAL_RCC_GetPCLK1Freq    0x0800574b   0x10  Code  Gb  stm32l4xx_hal_rcc.o [1]
HAL_RCC_GetPCLK2Freq    0x0800575b    0xe  Code  Gb  stm32l4xx_hal_rcc.o [1]
HAL_RCC_GetSysClockFreq
                        0x08005693   0xb2  Code  Gb  stm32l4xx_hal_rcc.o [1]
HAL_RCC_OscConfig       0x08005081  0x4b2  Code  Gb  stm32l4xx_hal_rcc.o [1]
HAL_SPI_Init            0x08004941   0xa8  Code  Gb  stm32l4xx_hal_spi.o [1]
HAL_SPI_MspInit         0x080059e1   0x74  Code  Gb  spi.o [1]
HAL_SPI_Transmit_DMA    0x080049e9   0xee  Code  Gb  stm32l4xx_hal_spi.o [1]
HAL_SYSTICK_CLKSourceConfig
                        0x080032e1   0x1a  Code  Gb  stm32l4xx_hal_cortex.o [1]
HAL_SYSTICK_Config      0x080032bf   0x22  Code  Gb  stm32l4xx_hal_cortex.o [1]
HAL_SYSTICK_IRQHandler  0x080032fb    0x4  Code  Gb  stm32l4xx_hal_cortex.o [1]
HAL_TIMEx_BreakCallback
                        0x08004d0f    0x2  Code  Wk  stm32l4xx_hal_tim_ex.o [1]
HAL_TIMEx_CommutationCallback
                        0x08004d13    0x2  Code  Wk  stm32l4xx_hal_tim_ex.o [1]
HAL_TIMEx_MasterConfigSynchronization
                        0x08005d61   0x4e  Code  Gb  stm32l4xx_hal_tim_ex.o [1]
HAL_TIM_Base_Init       0x080034d9   0x1e  Code  Gb  stm32l4xx_hal_tim.o [1]
HAL_TIM_Base_MspInit    0x08004c99   0x5c  Code  Gb  tim.o [1]
HAL_TIM_Base_Start_IT   0x080034f7    0xc  Code  Gb  stm32l4xx_hal_tim.o [1]
HAL_TIM_IRQHandler      0x08003523  0x14a  Code  Gb  stm32l4xx_hal_tim.o [1]
HAL_TIM_PeriodElapsedCallback
                        0x08001d47   0x18  Code  Gb  gizwits_product.o [1]
HAL_UARTEx_WakeupCallback
                        0x0800507b    0x2  Code  Wk  stm32l4xx_hal_uart_ex.o [1]
HAL_UART_IRQHandler     0x0800391f  0x19c  Code  Gb  stm32l4xx_hal_uart.o [1]
HAL_UART_Init           0x08003749   0x52  Code  Gb  stm32l4xx_hal_uart.o [1]
HAL_UART_MspInit        0x08004d8b   0x8e  Code  Gb  usart.o [1]
HAL_UART_Receive_IT     0x0800388d   0x7e  Code  Gb  stm32l4xx_hal_uart.o [1]
HAL_UART_RxCpltCallback
                        0x08001d71   0x20  Code  Gb  gizwits_product.o [1]
HAL_UART_Transmit       0x080037b1   0xd6  Code  Gb  stm32l4xx_hal_uart.o [1]
HardFault_Handler       0x08007193    0x2  Code  Gb  stm32l4xx_it.o [1]
JTemp                   0x20002a38    0x4  Data  Gb  main.o [1]
LoadInt                 0x080020fb   0x7a  Code  Lc  xprintffull.o [3]
MSIRangeTable           0x08007160   0x30  Data  Gb  system_stm32l4xx.o [1]
MX_ADC1_Init            0x080060d1   0x7e  Code  Gb  adc.o [1]
MX_DMA_Init             0x08006091   0x40  Code  Gb  dma.o [1]
MX_GPIO_Init            0x08005ea5  0x1ec  Code  Gb  gpio.o [1]
MX_LPUART1_UART_Init    0x08004d29   0x2c  Code  Gb  usart.o [1]
MX_SPI1_Init            0x08005995   0x4c  Code  Gb  spi.o [1]
MX_TIM6_Init            0x08004c55    0x8  Code  Gb  tim.o [1]
MX_TIM7_Init            0x08004c5d    0x6  Code  Gb  tim.o [1]
MX_USART3_UART_Init     0x08004d55   0x2e  Code  Gb  usart.o [1]
MemManage_Handler       0x08007195    0x2  Code  Gb  stm32l4xx_it.o [1]
NMI_Handler             0x08007191    0x2  Code  Gb  stm32l4xx_it.o [1]
PendSV_Handler          0x0800719f    0x2  Code  Gb  stm32l4xx_it.o [1]
PixelUpdate             0x08002f27   0x20  Code  Gb  Adafruit_NeoPixel.o [1]
RCCEx_PLLSAI1_Config    0x08006d49  0x108  Code  Lc  stm32l4xx_hal_rcc_ex.o [1]
RCCEx_PLLSAI2_Config    0x08006e51   0xec  Code  Lc  stm32l4xx_hal_rcc_ex.o [1]
RCC_SetFlashLatencyFromMSIRange
                        0x0800576f   0x76  Code  Lc  stm32l4xx_hal_rcc.o [1]
Region$$Table$$Base     0x080072b4          --   Gb  - Linker created -
Region$$Table$$Limit    0x080072d4          --   Gb  - Linker created -
RxData                  0x20002a74    0x1  Data  Gb  gizwits_product.o [1]
SPI_DMAError            0x08004b55   0x1e  Code  Lc  stm32l4xx_hal_spi.o [1]
SPI_DMAHalfTransmitCplt
                        0x08004b4d    0x6  Code  Lc  stm32l4xx_hal_spi.o [1]
SPI_DMATransmitCplt     0x08004ad9   0x68  Code  Lc  stm32l4xx_hal_spi.o [1]
SPI_EndRxTxTransaction  0x08004b75   0x9e  Code  Lc  stm32l4xx_hal_spi.o [1]
SVC_Handler             0x0800719b    0x2  Code  Gb  stm32l4xx_it.o [1]
Send_2811_24bits        0x08002f0d   0x1a  Code  Gb  Adafruit_NeoPixel.o [1]
Send_8bits              0x08002ee5   0x28  Code  Gb  Adafruit_NeoPixel.o [1]
Send_8bits::CodeOne     0x200000d4    0x1  Data  Lc  Adafruit_NeoPixel.o [1]
Send_8bits::CodeZero    0x200000d5    0x1  Data  Lc  Adafruit_NeoPixel.o [1]
SysTick_Handler         0x080071a1    0xe  Code  Gb  stm32l4xx_it.o [1]
SystemClock_Config      0x08005bf9   0xa0  Code  Gb  main.o [1]
SystemCoreClock         0x20000008    0x4  Data  Gb  system_stm32l4xx.o [1]
SystemInit              0x08007105   0x3c  Code  Gb  system_stm32l4xx.o [1]
TIM6_DAC_IRQHandler     0x080071c1    0x6  Code  Gb  stm32l4xx_it.o [1]
TIM7_IRQHandler         0x080071c7    0x6  Code  Gb  stm32l4xx_it.o [1]
TIM_Base_SetConfig      0x0800366d   0xba  Code  Gb  stm32l4xx_hal_tim.o [1]
UART_AdvFeatureConfig   0x08003d51   0xc6  Code  Gb  stm32l4xx_hal_uart.o [1]
UART_CheckIdleState     0x08003e17   0x7a  Code  Gb  stm32l4xx_hal_uart.o [1]
UART_DMAAbortOnError    0x08003ead   0x10  Code  Lc  stm32l4xx_hal_uart.o [1]
UART_EndRxTransfer      0x08003e91   0x1c  Code  Lc  stm32l4xx_hal_uart.o [1]
UART_Receive_IT         0x08003ebd   0x6e  Code  Lc  stm32l4xx_hal_uart.o [1]
UART_SetConfig          0x08003abd  0x262  Code  Gb  stm32l4xx_hal_uart.o [1]
USART3_IRQHandler       0x080071bb    0x6  Code  Gb  stm32l4xx_it.o [1]
UsageFault_Handler      0x08007199    0x2  Code  Gb  stm32l4xx_it.o [1]
WS2812B_Init            0x08002f47   0x3c  Code  Gb  Adafruit_NeoPixel.o [1]
_Encoding_8859_1_Mbrlen
                        0x08001b65    0x2  Code  Gb  xencoding_8859_1.o [3]
_Encoding_8859_1_Wctomb
                        0x08001b53   0x12  Code  Gb  xencoding_8859_1.o [3]
_GenldFull              0x08002b73  0x260  Code  Lc  xprintffull.o [3]
_LdtobFull              0x0800274b  0x3fe  Code  Lc  xprintffull.o [3]
_LitobFull              0x080025fb  0x10a  Code  Lc  xprintffull.o [3]
_Locale_lconv           0x2000000c   0x38  Data  Lc  xlocale_c.o [3]
_PrintfFull             0x08001f2d  0x1b6  Code  Gb  xprintffull.o [3]
_Prout                  0x08007303   0x16  Code  Gb  xprout.o [3]
_PutcharsFull           0x08002dd3   0x2e  Code  Lc  xprintffull.o [3]
_PutfldFull             0x08002175  0x2d0  Code  Lc  xprintffull.o [3]
_PutstrFull             0x0800253b   0xc0  Code  Lc  xprintffull.o [3]
_PuttxtFull             0x08002445   0xf6  Code  Lc  xprintffull.o [3]
__aeabi_cdcmple         0x080043c9         Code  Gb  DblCmpLe.o [4]
__aeabi_cdrcmple        0x080043f9         Code  Gb  DblCmpGe.o [4]
__aeabi_d2iz            0x08004565         Code  Gb  DblToS32.o [4]
__aeabi_d2uiz           0x080048f1         Code  Gb  DblToU32.o [4]
__aeabi_ddiv            0x080046a9         Code  Gb  DblDiv.o [4]
__aeabi_dmul            0x080041c5         Code  Gb  DblMul.o [4]
__aeabi_dsub            0x080045c5         Code  Gb  DblSub.o [4]
__aeabi_i2d             0x080045a1         Code  Gb  S32ToDbl.o [4]
__aeabi_ldiv0           0x08005829         Code  Gb  I64DivZer.o [5]
__aeabi_memclr          0x08001b71         Code  Gb  ABImemclr.o [5]
__aeabi_memclr4         0x08001f25         Code  Gb  ABImemclr4.o [5]
__aeabi_memcpy          0x08001aad         Code  Gb  ABImemcpy.o [5]
__aeabi_memcpy4         0x08001acd         Code  Gb  ABImemcpy.o [5]
__aeabi_memcpy8         0x08001acd         Code  Gb  ABImemcpy.o [5]
__aeabi_ui2d            0x08004919         Code  Gb  U32ToDbl.o [4]
__aeabi_uldivmod        0x080040d5         Code  Gb  I64DivMod.o [5]
__cmain                 0x080072d5         Code  Gb  cmain.o [5]
__exit                  0x08005e79   0x14  Code  Gb  exit.o [6]
__iar_Fail_s            0x08003ff5   0x1e  Code  Gb  xfail_s.o [3]
__iar_Mbcurmax          0x080040c9    0xa  Code  Gb  xmbcurmax.o [3]
__iar_Memchr            0x08004071         Code  Gb  memchr.o [5]
__iar_Memset4_word      0x08003f2d         Code  Gb  ABImemset48.o [5]
__iar_Memset8_word      0x08003f2d         Code  Gb  ABImemset48.o [5]
__iar_Memset_word       0x08002e85         Code  Gb  ABImemset.o [5]
__iar_Stdout            0x2000008c   0x48  Data  Gb  xfiles.o [3]
__iar_Strchr            0x08003fdd         Code  Gb  strchr.o [5]
__iar_dadd              0x080045d5         Code  Gb  DblSub.o [4]
__iar_data_init3        0x08007269   0x28  Code  Gb  data_init.o [5]
__iar_dsub              0x0800582d         Code  Gb  DblAdd.o [4]
__iar_dsubStart         0x0800583f         Code  Gb  DblAdd.o [4]
__iar_frexp             0x08004365         Code  Gb  frexp.o [4]
__iar_frexpl            0x08004365         Code  Gb  frexp.o [4]
__iar_globLocale        0x20000044   0x48  Data  Lc  xlocale_c.o [3]
__iar_global_Locale     0x08003f61    0x4  Code  Gb  xlocale_c.o [3]
__iar_init_vfp          0x08007291         Code  Gb  fpinit_M.o [4]
__iar_ldexp64           0x08004429         Code  Gb  ldexp.o [4]
__iar_packbits_init_single3
                        0x08007231   0x38  Code  Gb  packbits_init_single.o [5]
__iar_program_start     0x08007335         Code  Gb  cstartup_M.o [5]
__iar_scalbln64         0x08004429         Code  Gb  ldexp.o [4]
__iar_scalbn64          0x08004429         Code  Gb  ldexp.o [4]
__iar_softfp___iar_frexp64
                        0x08004359         Code  Gb  frexp.o [4]
__iar_softfp_frexp      0x08004359         Code  Gb  frexp.o [4]
__iar_softfp_frexpl     0x08004359         Code  Gb  frexp.o [4]
__iar_systems$$module {Abs}
                        0x00000001         Data  Gb  command line/config [2]
__iar_zero_init3        0x080071f1   0x40  Code  Gb  zero_init3.o [5]
__low_level_init        0x080072ef    0x4  Code  Gb  low_level_init.o [3]
__vector_table          0x08000000         Data  Gb  startup_stm32l496xx.o [1]
_call_main              0x080072e1         Code  Gb  cmain.o [5]
_exit                   0x080072f9         Code  Gb  cexit.o [5]
_gLocale_mblen          0x08003fc5    0x4  Code  Gb  xlocale_c.o [3]
_gLocale_mblenInt       0x08003f89   0x2c  Code  Gb  xlocale_c.o [3]
_gLocale_wctomb         0x08003fc9    0x4  Code  Gb  xlocale_c.o [3]
_gLocale_wctombInt      0x08003fc1    0x4  Code  Gb  xlocale_c.o [3]
_main                   0x080072eb         Code  Gb  cmain.o [5]
abort                   0x08005821    0x6  Code  Gb  abort.o [3]
bBuffer                 0x20002a50    0x8  Data  Gb  Adafruit_NeoPixel.o [1]
currentDataPoint        0x20002a18   0x1c  Data  Gb  main.o [1]
div                     0x08004933    0xe  Code  Gb  div.o [3]
exit                    0x080072f3    0x4  Code  Gb  exit.o [3]
fputc                   0x08004d15   0x14  Code  Gb  usart.o [1]
gBuffer                 0x20002a48    0x8  Data  Gb  Adafruit_NeoPixel.o [1]
getKey                  0x08003325   0x50  Code  Gb  hal_key.o [1]
gizByteOrderExchange    0x08000439   0x24  Code  Lc  gizwits_protocol.o [1]
gizCheckReport          0x08000619   0xb2  Code  Lc  gizwits_protocol.o [1]
gizCheckReport::lastReportTime
                        0x20002a68    0x4  Data  Lc  gizwits_protocol.o [1]
gizDataPoint2Event      0x080004dd   0xdc  Code  Lc  gizwits_protocol.o [1]
gizDataPoints2ReportData
                        0x0800079b   0x84  Code  Lc  gizwits_protocol.o [1]
gizGetTimerCount        0x08001d37    0x6  Code  Gb  gizwits_product.o [1]
gizProtocolCommonAck    0x08000c3f   0x6c  Code  Lc  gizwits_protocol.o [1]
gizProtocolErrorCmd     0x08000d99   0x6c  Code  Lc  gizwits_protocol.o [1]
gizProtocolGetDeviceInfo
                        0x08000cab   0xee  Code  Lc  gizwits_protocol.o [1]
gizProtocolGetOnePacket
                        0x08000ad9  0x11c  Code  Lc  gizwits_protocol.o [1]
gizProtocolGetOnePacket::debugCount
                        0x20002a62    0x1  Data  Lc  gizwits_protocol.o [1]
gizProtocolGetOnePacket::lastData
                        0x20002a61    0x1  Data  Lc  gizwits_protocol.o [1]
gizProtocolGetOnePacket::protocolCount
                        0x20002a64    0x2  Data  Lc  gizwits_protocol.o [1]
gizProtocolGetOnePacket::protocolFlag
                        0x20002a60    0x1  Data  Lc  gizwits_protocol.o [1]
gizProtocolHeadInit     0x08000495   0x1c  Code  Lc  gizwits_protocol.o [1]
gizProtocolIssuedDataAck
                        0x080008ad   0xd6  Code  Lc  gizwits_protocol.o [1]
gizProtocolModuleStatus
                        0x08000e05  0x2b6  Code  Lc  gizwits_protocol.o [1]
gizProtocolModuleStatus::lastStatus
                        0x20002a66    0x2  Data  Lc  gizwits_protocol.o [1]
gizProtocolSum          0x080003cd   0x32  Code  Lc  gizwits_protocol.o [1]
gizProtocolWaitAckCheck
                        0x08000bf5   0x28  Code  Lc  gizwits_protocol.o [1]
gizPutData              0x08000363   0x2a  Code  Gb  gizwits_protocol.o [1]
gizReportData           0x080009f9   0xb8  Code  Lc  gizwits_protocol.o [1]
gizwitsEventProcess     0x08001b79  0x1b4  Code  Gb  gizwits_product.o [1]
gizwitsHandle           0x08001239  0x378  Code  Gb  gizwits_protocol.o [1]
gizwitsInit             0x080010c5   0x1a  Code  Gb  gizwits_protocol.o [1]
gizwitsProtocol         0x200025d8   0xd8  Data  Gb  gizwits_protocol.o [1]
gizwitsSetMode          0x080010e5  0x150  Code  Gb  gizwits_protocol.o [1]
hadc1                   0x20002790   0x6c  Data  Gb  adc.o [1]
hdma_adc1               0x200028b0   0x48  Data  Gb  adc.o [1]
hdma_spi1_tx            0x200028f8   0x48  Data  Gb  spi.o [1]
hlpuart1                0x200026b0   0x70  Data  Gb  usart.o [1]
hspi1                   0x200027fc   0x64  Data  Gb  spi.o [1]
htim6                   0x20002940   0x3c  Data  Gb  tim.o [1]
htim7                   0x2000297c   0x3c  Data  Gb  tim.o [1]
huart3                  0x20002720   0x70  Data  Gb  usart.o [1]
key1LongPress           0x08005ae9   0x14  Code  Gb  main.o [1]
key1ShortPress          0x08005ad5   0x14  Code  Gb  main.o [1]
key2LongPress           0x08005b1d   0x1e  Code  Gb  main.o [1]
key2ShortPress          0x08005afd   0x20  Code  Gb  main.o [1]
keyCountTime            0x20002a58    0x1  Data  Gb  hal_key.o [1]
keyHandle               0x080033f7   0x86  Code  Gb  hal_key.o [1]
keyInit                 0x08005b3b   0x52  Code  Gb  main.o [1]
keyInitOne              0x0800347d   0x40  Code  Gb  hal_key.o [1]
keyInitOne::key_total   0x200000d7    0x1  Data  Lc  hal_key.o [1]
keyParaInit             0x080034bd   0x10  Code  Gb  hal_key.o [1]
keyTotolNum             0x200000d6    0x1  Data  Lc  hal_key.o [1]
keys                    0x20002a10    0x8  Data  Gb  main.o [1]
ldexp                   0x08004429         Code  Gb  ldexp.o [4]
ldexpl                  0x08004429         Code  Gb  ldexp.o [4]
localeconv              0x08003fcd    0x4  Code  Gb  xlocale_c.o [3]
main                    0x08005b8d   0x6c  Code  Gb  main.o [1]
mcuRestart              0x08001d3d    0xa  Code  Gb  gizwits_product.o [1]
memchr                  0x08004071         Code  Gb  memchr.o [5]
obuf                    0x20002860   0x50  Data  Lc  xfiles.o [3]
pRb                     0x200029b8   0x10  Data  Gb  gizwits_protocol.o [1]
printf                  0x08001a85   0x28  Code  Gb  printf.o [3]
putchar                 0x08007319    0xc  Code  Gb  putchar.o [3]
rBuffer                 0x20002a40    0x8  Data  Gb  Adafruit_NeoPixel.o [1]
rbBuf                   0x200029c8   0x24  Data  Lc  gizwits_protocol.o [1]
rbCanRead               0x080001ad   0x26  Code  Lc  gizwits_protocol.o [1]
rbCanWrite              0x080001d3   0x14  Code  Lc  gizwits_protocol.o [1]
rbRead                  0x080001e7   0x78  Code  Lc  gizwits_protocol.o [1]
rbWrite                 0x08000299   0x94  Code  Lc  gizwits_protocol.o [1]
readKeyValue            0x08003379   0x7e  Code  Gb  hal_key.o [1]
readKeyValue::keyCheck  0x20002a59    0x1  Data  Lc  hal_key.o [1]
readKeyValue::keyLongCheck
                        0x20002a5c    0x2  Data  Lc  hal_key.o [1]
readKeyValue::keyPrev   0x20002a5e    0x2  Data  Lc  hal_key.o [1]
readKeyValue::keyState  0x20002a5a    0x1  Data  Lc  hal_key.o [1]
scalbln                 0x08004429         Code  Gb  ldexp.o [4]
scalblnl                0x08004429         Code  Gb  ldexp.o [4]
scalbn                  0x08004429         Code  Gb  ldexp.o [4]
scalbnl                 0x08004429         Code  Gb  ldexp.o [4]
scale                   0x08002705   0x46  Code  Lc  xprintffull.o [3]
sec_hand                0x20002a70    0x4  Data  Lc  xfail_s.o [3]
setAllPixelColor        0x08002f83   0x8a  Code  Gb  Adafruit_NeoPixel.o [1]
singleKey               0x200029ec   0x24  Data  Gb  main.o [1]
strchr                  0x08003fdd         Code  Gb  strchr.o [5]
strlen                  0x08004039         Code  Gb  strlen.o [5]
timerInit               0x08001d5f   0x12  Code  Gb  gizwits_product.o [1]
timerMsCount            0x20000000    0x4  Data  Lc  gizwits_product.o [1]
uartInit                0x08001e07    0x4  Code  Gb  gizwits_product.o [1]
uartWrite               0x08001d91   0x76  Code  Gb  gizwits_product.o [1]
uartWrite::aa           0x20000004    0x1  Data  Lc  gizwits_product.o [1]
userHandle              0x08005a71   0x64  Code  Gb  main.o [1]
userHandle::thLastTimer
                        0x20002a3c    0x4  Data  Lc  main.o [1]
uwTick                  0x20002a6c    0x4  Data  Gb  stm32l4xx_hal.o [1]


[1] = C:\Users\DengQ\Desktop\Nucleo-L496ZG_Test\EWARM\Nucleo-L496ZG_Test\Obj
[2] = command line
[3] = dl7M_tlf.a
[4] = m7M_tls.a
[5] = rt7M_tl.a
[6] = shb_l.a

  29 810 bytes of readonly  code memory
     181 bytes of readonly  data memory
  10 869 bytes of readwrite data memory

Errors: none
Warnings: none
